<?xml version="1.0"?>
<link_info>
   <banner>MSP430 Linker PC v16.9.0.LTS</banner>
   <copyright>Copyright (c) 2003-2015 Texas Instruments Incorporated</copyright>
   <link_time>0x58a13a7e</link_time>
   <link_errors>0x0</link_errors>
   <output_file>end_to_end.out</output_file>
   <entry_point>
      <name>_c_int00_noargs_noexit</name>
      <address>0xe16e</address>
   </entry_point>
   <input_file_list>
      <input_file id="fl-2">
         <path>.\</path>
         <kind>object</kind>
         <file>LM35.obj</file>
         <name>LM35.obj</name>
      </input_file>
      <input_file id="fl-3">
         <path>.\</path>
         <kind>object</kind>
         <file>main_LinkListen_Static.obj</file>
         <name>main_LinkListen_Static.obj</name>
      </input_file>
      <input_file id="fl-4">
         <path>.\Components\bsp\</path>
         <kind>object</kind>
         <file>bsp.obj</file>
         <name>bsp.obj</name>
      </input_file>
      <input_file id="fl-5">
         <path>.\Components\mrfi\</path>
         <kind>object</kind>
         <file>mrfi.obj</file>
         <name>mrfi.obj</name>
      </input_file>
      <input_file id="fl-6">
         <path>.\Components\simpliciti\nwk\</path>
         <kind>object</kind>
         <file>nwk.obj</file>
         <name>nwk.obj</name>
      </input_file>
      <input_file id="fl-7">
         <path>.\Components\simpliciti\nwk\</path>
         <kind>object</kind>
         <file>nwk_QMgmt.obj</file>
         <name>nwk_QMgmt.obj</name>
      </input_file>
      <input_file id="fl-8">
         <path>.\Components\simpliciti\nwk\</path>
         <kind>object</kind>
         <file>nwk_api.obj</file>
         <name>nwk_api.obj</name>
      </input_file>
      <input_file id="fl-9">
         <path>.\Components\simpliciti\nwk\</path>
         <kind>object</kind>
         <file>nwk_frame.obj</file>
         <name>nwk_frame.obj</name>
      </input_file>
      <input_file id="fl-a">
         <path>.\Components\simpliciti\nwk\</path>
         <kind>object</kind>
         <file>nwk_globals.obj</file>
         <name>nwk_globals.obj</name>
      </input_file>
      <input_file id="fl-b">
         <path>.\Components\simpliciti\nwk_applications\</path>
         <kind>object</kind>
         <file>nwk_freq.obj</file>
         <name>nwk_freq.obj</name>
      </input_file>
      <input_file id="fl-c">
         <path>.\Components\simpliciti\nwk_applications\</path>
         <kind>object</kind>
         <file>nwk_ioctl.obj</file>
         <name>nwk_ioctl.obj</name>
      </input_file>
      <input_file id="fl-d">
         <path>.\Components\simpliciti\nwk_applications\</path>
         <kind>object</kind>
         <file>nwk_join.obj</file>
         <name>nwk_join.obj</name>
      </input_file>
      <input_file id="fl-e">
         <path>.\Components\simpliciti\nwk_applications\</path>
         <kind>object</kind>
         <file>nwk_link.obj</file>
         <name>nwk_link.obj</name>
      </input_file>
      <input_file id="fl-f">
         <path>.\Components\simpliciti\nwk_applications\</path>
         <kind>object</kind>
         <file>nwk_mgmt.obj</file>
         <name>nwk_mgmt.obj</name>
      </input_file>
      <input_file id="fl-10">
         <path>.\Components\simpliciti\nwk_applications\</path>
         <kind>object</kind>
         <file>nwk_ping.obj</file>
         <name>nwk_ping.obj</name>
      </input_file>
      <input_file id="fl-11">
         <path>.\Components\simpliciti\nwk_applications\</path>
         <kind>object</kind>
         <file>nwk_security.obj</file>
         <name>nwk_security.obj</name>
      </input_file>
      <input_file id="fl-2c">
         <path>C:\ti\ccsv7\tools\compiler\ti-cgt-msp430_16.9.0.LTS\lib\</path>
         <kind>archive</kind>
         <file>rts430_eabi.lib</file>
         <name>asr32.obj</name>
      </input_file>
      <input_file id="fl-2d">
         <path>C:\ti\ccsv7\tools\compiler\ti-cgt-msp430_16.9.0.LTS\lib\</path>
         <kind>archive</kind>
         <file>rts430_eabi.lib</file>
         <name>boot.obj</name>
      </input_file>
      <input_file id="fl-2e">
         <path>C:\ti\ccsv7\tools\compiler\ti-cgt-msp430_16.9.0.LTS\lib\</path>
         <kind>archive</kind>
         <file>rts430_eabi.lib</file>
         <name>boot_special.obj</name>
      </input_file>
      <input_file id="fl-2f">
         <path>C:\ti\ccsv7\tools\compiler\ti-cgt-msp430_16.9.0.LTS\lib\</path>
         <kind>archive</kind>
         <file>rts430_eabi.lib</file>
         <name>copy_decompress_lzss.obj</name>
      </input_file>
      <input_file id="fl-30">
         <path>C:\ti\ccsv7\tools\compiler\ti-cgt-msp430_16.9.0.LTS\lib\</path>
         <kind>archive</kind>
         <file>rts430_eabi.lib</file>
         <name>copy_decompress_none.obj</name>
      </input_file>
      <input_file id="fl-31">
         <path>C:\ti\ccsv7\tools\compiler\ti-cgt-msp430_16.9.0.LTS\lib\</path>
         <kind>archive</kind>
         <file>rts430_eabi.lib</file>
         <name>copy_zero_init.obj</name>
      </input_file>
      <input_file id="fl-32">
         <path>C:\ti\ccsv7\tools\compiler\ti-cgt-msp430_16.9.0.LTS\lib\</path>
         <kind>archive</kind>
         <file>rts430_eabi.lib</file>
         <name>cvtdf.obj</name>
      </input_file>
      <input_file id="fl-33">
         <path>C:\ti\ccsv7\tools\compiler\ti-cgt-msp430_16.9.0.LTS\lib\</path>
         <kind>archive</kind>
         <file>rts430_eabi.lib</file>
         <name>div16s.obj</name>
      </input_file>
      <input_file id="fl-34">
         <path>C:\ti\ccsv7\tools\compiler\ti-cgt-msp430_16.9.0.LTS\lib\</path>
         <kind>archive</kind>
         <file>rts430_eabi.lib</file>
         <name>div16u.obj</name>
      </input_file>
      <input_file id="fl-35">
         <path>C:\ti\ccsv7\tools\compiler\ti-cgt-msp430_16.9.0.LTS\lib\</path>
         <kind>archive</kind>
         <file>rts430_eabi.lib</file>
         <name>div32u.obj</name>
      </input_file>
      <input_file id="fl-36">
         <path>C:\ti\ccsv7\tools\compiler\ti-cgt-msp430_16.9.0.LTS\lib\</path>
         <kind>archive</kind>
         <file>rts430_eabi.lib</file>
         <name>divd.obj</name>
      </input_file>
      <input_file id="fl-37">
         <path>C:\ti\ccsv7\tools\compiler\ti-cgt-msp430_16.9.0.LTS\lib\</path>
         <kind>archive</kind>
         <file>rts430_eabi.lib</file>
         <name>epilog.obj</name>
      </input_file>
      <input_file id="fl-38">
         <path>C:\ti\ccsv7\tools\compiler\ti-cgt-msp430_16.9.0.LTS\lib\</path>
         <kind>archive</kind>
         <file>rts430_eabi.lib</file>
         <name>exit.obj</name>
      </input_file>
      <input_file id="fl-39">
         <path>C:\ti\ccsv7\tools\compiler\ti-cgt-msp430_16.9.0.LTS\lib\</path>
         <kind>archive</kind>
         <file>rts430_eabi.lib</file>
         <name>exit_gvars.obj</name>
      </input_file>
      <input_file id="fl-3a">
         <path>C:\ti\ccsv7\tools\compiler\ti-cgt-msp430_16.9.0.LTS\lib\</path>
         <kind>archive</kind>
         <file>rts430_eabi.lib</file>
         <name>fltud.obj</name>
      </input_file>
      <input_file id="fl-3b">
         <path>C:\ti\ccsv7\tools\compiler\ti-cgt-msp430_16.9.0.LTS\lib\</path>
         <kind>archive</kind>
         <file>rts430_eabi.lib</file>
         <name>fltuld.obj</name>
      </input_file>
      <input_file id="fl-3c">
         <path>C:\ti\ccsv7\tools\compiler\ti-cgt-msp430_16.9.0.LTS\lib\</path>
         <kind>archive</kind>
         <file>rts430_eabi.lib</file>
         <name>frcdivd.obj</name>
      </input_file>
      <input_file id="fl-3d">
         <path>C:\ti\ccsv7\tools\compiler\ti-cgt-msp430_16.9.0.LTS\lib\</path>
         <kind>archive</kind>
         <file>rts430_eabi.lib</file>
         <name>int00.obj</name>
      </input_file>
      <input_file id="fl-3e">
         <path>C:\ti\ccsv7\tools\compiler\ti-cgt-msp430_16.9.0.LTS\lib\</path>
         <kind>archive</kind>
         <file>rts430_eabi.lib</file>
         <name>int02.obj</name>
      </input_file>
      <input_file id="fl-3f">
         <path>C:\ti\ccsv7\tools\compiler\ti-cgt-msp430_16.9.0.LTS\lib\</path>
         <kind>archive</kind>
         <file>rts430_eabi.lib</file>
         <name>int06.obj</name>
      </input_file>
      <input_file id="fl-40">
         <path>C:\ti\ccsv7\tools\compiler\ti-cgt-msp430_16.9.0.LTS\lib\</path>
         <kind>archive</kind>
         <file>rts430_eabi.lib</file>
         <name>int07.obj</name>
      </input_file>
      <input_file id="fl-41">
         <path>C:\ti\ccsv7\tools\compiler\ti-cgt-msp430_16.9.0.LTS\lib\</path>
         <kind>archive</kind>
         <file>rts430_eabi.lib</file>
         <name>int08.obj</name>
      </input_file>
      <input_file id="fl-42">
         <path>C:\ti\ccsv7\tools\compiler\ti-cgt-msp430_16.9.0.LTS\lib\</path>
         <kind>archive</kind>
         <file>rts430_eabi.lib</file>
         <name>int09.obj</name>
      </input_file>
      <input_file id="fl-43">
         <path>C:\ti\ccsv7\tools\compiler\ti-cgt-msp430_16.9.0.LTS\lib\</path>
         <kind>archive</kind>
         <file>rts430_eabi.lib</file>
         <name>int10.obj</name>
      </input_file>
      <input_file id="fl-44">
         <path>C:\ti\ccsv7\tools\compiler\ti-cgt-msp430_16.9.0.LTS\lib\</path>
         <kind>archive</kind>
         <file>rts430_eabi.lib</file>
         <name>int11.obj</name>
      </input_file>
      <input_file id="fl-45">
         <path>C:\ti\ccsv7\tools\compiler\ti-cgt-msp430_16.9.0.LTS\lib\</path>
         <kind>archive</kind>
         <file>rts430_eabi.lib</file>
         <name>int12.obj</name>
      </input_file>
      <input_file id="fl-46">
         <path>C:\ti\ccsv7\tools\compiler\ti-cgt-msp430_16.9.0.LTS\lib\</path>
         <kind>archive</kind>
         <file>rts430_eabi.lib</file>
         <name>int13.obj</name>
      </input_file>
      <input_file id="fl-47">
         <path>C:\ti\ccsv7\tools\compiler\ti-cgt-msp430_16.9.0.LTS\lib\</path>
         <kind>archive</kind>
         <file>rts430_eabi.lib</file>
         <name>int14.obj</name>
      </input_file>
      <input_file id="fl-48">
         <path>C:\ti\ccsv7\tools\compiler\ti-cgt-msp430_16.9.0.LTS\lib\</path>
         <kind>archive</kind>
         <file>rts430_eabi.lib</file>
         <name>isr_trap.obj</name>
      </input_file>
      <input_file id="fl-49">
         <path>C:\ti\ccsv7\tools\compiler\ti-cgt-msp430_16.9.0.LTS\lib\</path>
         <kind>archive</kind>
         <file>rts430_eabi.lib</file>
         <name>lsl16.obj</name>
      </input_file>
      <input_file id="fl-4a">
         <path>C:\ti\ccsv7\tools\compiler\ti-cgt-msp430_16.9.0.LTS\lib\</path>
         <kind>archive</kind>
         <file>rts430_eabi.lib</file>
         <name>lsl32.obj</name>
      </input_file>
      <input_file id="fl-4b">
         <path>C:\ti\ccsv7\tools\compiler\ti-cgt-msp430_16.9.0.LTS\lib\</path>
         <kind>archive</kind>
         <file>rts430_eabi.lib</file>
         <name>lsr16.obj</name>
      </input_file>
      <input_file id="fl-4c">
         <path>C:\ti\ccsv7\tools\compiler\ti-cgt-msp430_16.9.0.LTS\lib\</path>
         <kind>archive</kind>
         <file>rts430_eabi.lib</file>
         <name>lsr32.obj</name>
      </input_file>
      <input_file id="fl-4d">
         <path>C:\ti\ccsv7\tools\compiler\ti-cgt-msp430_16.9.0.LTS\lib\</path>
         <kind>archive</kind>
         <file>rts430_eabi.lib</file>
         <name>lsr64.obj</name>
      </input_file>
      <input_file id="fl-4e">
         <path>C:\ti\ccsv7\tools\compiler\ti-cgt-msp430_16.9.0.LTS\lib\</path>
         <kind>archive</kind>
         <file>rts430_eabi.lib</file>
         <name>memcmp.obj</name>
      </input_file>
      <input_file id="fl-4f">
         <path>C:\ti\ccsv7\tools\compiler\ti-cgt-msp430_16.9.0.LTS\lib\</path>
         <kind>archive</kind>
         <file>rts430_eabi.lib</file>
         <name>memcpy.obj</name>
      </input_file>
      <input_file id="fl-50">
         <path>C:\ti\ccsv7\tools\compiler\ti-cgt-msp430_16.9.0.LTS\lib\</path>
         <kind>archive</kind>
         <file>rts430_eabi.lib</file>
         <name>memmov.obj</name>
      </input_file>
      <input_file id="fl-51">
         <path>C:\ti\ccsv7\tools\compiler\ti-cgt-msp430_16.9.0.LTS\lib\</path>
         <kind>archive</kind>
         <file>rts430_eabi.lib</file>
         <name>memset.obj</name>
      </input_file>
      <input_file id="fl-52">
         <path>C:\ti\ccsv7\tools\compiler\ti-cgt-msp430_16.9.0.LTS\lib\</path>
         <kind>archive</kind>
         <file>rts430_eabi.lib</file>
         <name>mpu_init.obj</name>
      </input_file>
      <input_file id="fl-53">
         <path>C:\ti\ccsv7\tools\compiler\ti-cgt-msp430_16.9.0.LTS\lib\</path>
         <kind>archive</kind>
         <file>rts430_eabi.lib</file>
         <name>mult16.obj</name>
      </input_file>
      <input_file id="fl-54">
         <path>C:\ti\ccsv7\tools\compiler\ti-cgt-msp430_16.9.0.LTS\lib\</path>
         <kind>archive</kind>
         <file>rts430_eabi.lib</file>
         <name>mult32.obj</name>
      </input_file>
      <input_file id="fl-55">
         <path>C:\ti\ccsv7\tools\compiler\ti-cgt-msp430_16.9.0.LTS\lib\</path>
         <kind>archive</kind>
         <file>rts430_eabi.lib</file>
         <name>_lock.obj</name>
      </input_file>
      <input_file id="fl-56">
         <path>C:\ti\ccsv7\tools\compiler\ti-cgt-msp430_16.9.0.LTS\lib\</path>
         <kind>archive</kind>
         <file>rts430_eabi.lib</file>
         <name>args_main.obj</name>
      </input_file>
      <input_file id="fl-57">
         <path>C:\ti\ccsv7\tools\compiler\ti-cgt-msp430_16.9.0.LTS\lib\</path>
         <kind>archive</kind>
         <file>rts430_eabi.lib</file>
         <name>asr16.obj</name>
      </input_file>
      <input_file id="fl-58">
         <path>C:\ti\ccsv7\tools\compiler\ti-cgt-msp430_16.9.0.LTS\lib\</path>
         <kind>archive</kind>
         <file>rts430_eabi.lib</file>
         <name>autoinit.obj</name>
      </input_file>
      <input_file id="fl-59">
         <path>C:\ti\ccsv7\tools\compiler\ti-cgt-msp430_16.9.0.LTS\lib\</path>
         <kind>archive</kind>
         <file>rts430_eabi.lib</file>
         <name>cpy_tbl.obj</name>
      </input_file>
      <input_file id="fl-5a">
         <path>C:\ti\ccsv7\tools\compiler\ti-cgt-msp430_16.9.0.LTS\lib\</path>
         <kind>archive</kind>
         <file>rts430_eabi.lib</file>
         <name>startup.obj</name>
      </input_file>
   </input_file_list>
   <object_component_list>
      <object_component id="oc-2e7">
         <name>.bss:mrfiIncomingPacket</name>
         <uninitialized>true</uninitialized>
         <run_address>0x268</run_address>
         <size>0x18</size>
         <input_file_ref idref="fl-5"/>
      </object_component>
      <object_component id="oc-520">
         <name>.bss:sInFrameQ</name>
         <uninitialized>true</uninitialized>
         <run_address>0x200</run_address>
         <size>0x34</size>
         <input_file_ref idref="fl-7"/>
      </object_component>
      <object_component id="oc-523">
         <name>.bss:sOutFrameQ</name>
         <uninitialized>true</uninitialized>
         <run_address>0x234</run_address>
         <size>0x34</size>
         <input_file_ref idref="fl-7"/>
      </object_component>
      <object_component id="oc-515">
         <name>.bss:sAPAddress</name>
         <uninitialized>true</uninitialized>
         <run_address>0x280</run_address>
         <size>0x4</size>
         <input_file_ref idref="fl-a"/>
      </object_component>
      <object_component id="oc-42e">
         <name>.bss:sMyRAMAddress</name>
         <uninitialized>true</uninitialized>
         <run_address>0x284</run_address>
         <size>0x4</size>
         <input_file_ref idref="fl-a"/>
      </object_component>
      <object_component id="oc-427">
         <name>.bss:sCurLogicalChan</name>
         <uninitialized>true</uninitialized>
         <run_address>0x28a</run_address>
         <size>0x1</size>
         <input_file_ref idref="fl-b"/>
      </object_component>
      <object_component id="oc-531">
         <name>.bss:sServiceLinkID</name>
         <uninitialized>true</uninitialized>
         <run_address>0x288</run_address>
         <size>0x2</size>
         <input_file_ref idref="fl-e"/>
      </object_component>
      <object_component id="oc-28c">
         <name>.data</name>
         <load_address>0x2dc</load_address>
         <run_address>0x2dc</run_address>
         <size>0x3</size>
         <input_file_ref idref="fl-3"/>
      </object_component>
      <object_component id="oc-31b">
         <name>.data</name>
         <load_address>0x2b5</load_address>
         <run_address>0x2b5</run_address>
         <size>0x1</size>
         <input_file_ref idref="fl-4"/>
      </object_component>
      <object_component id="oc-2d8">
         <name>.data</name>
         <load_address>0x2b6</load_address>
         <run_address>0x2b6</run_address>
         <size>0x9</size>
         <input_file_ref idref="fl-5"/>
      </object_component>
      <object_component id="oc-438">
         <name>.data:mrfiRxFilterAddr</name>
         <load_address>0x2d8</load_address>
         <run_address>0x2d8</run_address>
         <size>0x4</size>
         <input_file_ref idref="fl-5"/>
      </object_component>
      <object_component id="oc-3e6">
         <name>.data:sPersistInfo</name>
         <load_address>0x28c</load_address>
         <run_address>0x28c</run_address>
         <size>0x29</size>
         <input_file_ref idref="fl-6"/>
      </object_component>
      <object_component id="oc-22e">
         <name>.data</name>
         <load_address>0x2bf</load_address>
         <run_address>0x2bf</run_address>
         <size>0x1</size>
         <input_file_ref idref="fl-8"/>
      </object_component>
      <object_component id="oc-4cb">
         <name>.data</name>
         <load_address>0x2c0</load_address>
         <run_address>0x2c0</run_address>
         <size>0x8</size>
         <input_file_ref idref="fl-9"/>
      </object_component>
      <object_component id="oc-42b">
         <name>.data</name>
         <load_address>0x2d7</load_address>
         <run_address>0x2d7</run_address>
         <size>0x1</size>
         <input_file_ref idref="fl-a"/>
      </object_component>
      <object_component id="oc-4e9">
         <name>.data</name>
         <load_address>0x2cf</load_address>
         <run_address>0x2cf</run_address>
         <size>0x1</size>
         <input_file_ref idref="fl-b"/>
      </object_component>
      <object_component id="oc-33c">
         <name>.data</name>
         <load_address>0x2c8</load_address>
         <run_address>0x2c8</run_address>
         <size>0x7</size>
         <input_file_ref idref="fl-d"/>
      </object_component>
      <object_component id="oc-336">
         <name>.data</name>
         <load_address>0x2d0</load_address>
         <run_address>0x2d0</run_address>
         <size>0x7</size>
         <input_file_ref idref="fl-e"/>
      </object_component>
      <object_component id="oc-52d">
         <name>.data</name>
         <load_address>0x2e0</load_address>
         <run_address>0x2e0</run_address>
         <size>0x3</size>
         <input_file_ref idref="fl-f"/>
      </object_component>
      <object_component id="oc-528">
         <name>.data</name>
         <load_address>0x2df</load_address>
         <run_address>0x2df</run_address>
         <size>0x1</size>
         <input_file_ref idref="fl-10"/>
      </object_component>
      <object_component id="oc-f1">
         <name>.stack</name>
         <uninitialized>true</uninitialized>
         <run_address>0x3b0</run_address>
         <size>0x2</size>
         <input_file_ref idref="fl-2d"/>
      </object_component>
      <object_component id="oc-69f">
         <name>.stack</name>
         <uninitialized>true</uninitialized>
         <run_address>0x3b0</run_address>
         <size>0x0</size>
      </object_component>
      <object_component id="oc-296">
         <name>.text:MRFI_Init</name>
         <load_address>0xc000</load_address>
         <run_address>0xc000</run_address>
         <size>0x1ca</size>
         <input_file_ref idref="fl-5"/>
      </object_component>
      <object_component id="oc-61f">
         <name>.text:smpl_send_link_reply</name>
         <load_address>0xc1ca</load_address>
         <run_address>0xc1ca</run_address>
         <size>0x19a</size>
         <input_file_ref idref="fl-e"/>
      </object_component>
      <object_component id="oc-1be">
         <name>.text:SMPL_Ioctl</name>
         <load_address>0xc364</load_address>
         <run_address>0xc364</run_address>
         <size>0x13a</size>
         <input_file_ref idref="fl-8"/>
      </object_component>
      <object_component id="oc-4d6">
         <name>.text:nwk_QfindOldest</name>
         <load_address>0xc49e</load_address>
         <run_address>0xc49e</run_address>
         <size>0x12e</size>
         <input_file_ref idref="fl-7"/>
      </object_component>
      <object_component id="oc-2c0">
         <name>.text:nwk_join</name>
         <load_address>0xc5cc</load_address>
         <run_address>0xc5cc</run_address>
         <size>0x124</size>
         <input_file_ref idref="fl-d"/>
      </object_component>
      <object_component id="oc-392">
         <name>.text:nwk_scanForChannels</name>
         <load_address>0xc6f0</load_address>
         <run_address>0xc6f0</run_address>
         <size>0x116</size>
         <input_file_ref idref="fl-b"/>
      </object_component>
      <object_component id="oc-464">
         <name>.text:SMPL_SendOpt</name>
         <load_address>0xc806</load_address>
         <run_address>0xc806</run_address>
         <size>0x108</size>
         <input_file_ref idref="fl-8"/>
      </object_component>
      <object_component id="oc-4cf">
         <name>.text:MRFI_Transmit</name>
         <load_address>0xc90e</load_address>
         <run_address>0xc90e</run_address>
         <size>0xf6</size>
         <input_file_ref idref="fl-5"/>
      </object_component>
      <object_component id="oc-64f">
         <name>.text:nwk_allocateLocalRxPort</name>
         <load_address>0xca04</load_address>
         <run_address>0xca04</run_address>
         <size>0xdc</size>
         <input_file_ref idref="fl-6"/>
      </object_component>
      <object_component id="oc-1e2">
         <name>.text:Mrfi_SyncPinRxIsr</name>
         <load_address>0xcae0</load_address>
         <run_address>0xcae0</run_address>
         <size>0xd8</size>
         <input_file_ref idref="fl-5"/>
      </object_component>
      <object_component id="oc-492">
         <name>.text:dispatchFrame</name>
         <load_address>0xcbb8</load_address>
         <run_address>0xcbb8</run_address>
         <size>0xb2</size>
         <input_file_ref idref="fl-9"/>
      </object_component>
      <object_component id="oc-38b">
         <name>.text:nwk_retrieveFrame</name>
         <load_address>0xcc6a</load_address>
         <run_address>0xcc6a</run_address>
         <size>0xb2</size>
         <input_file_ref idref="fl-9"/>
      </object_component>
      <object_component id="oc-26d">
         <name>.text:nwk_radioControl</name>
         <load_address>0xcd1c</load_address>
         <run_address>0xcd1c</run_address>
         <size>0xa2</size>
         <input_file_ref idref="fl-c"/>
      </object_component>
      <object_component id="oc-37e">
         <name>.text:nwk_buildFrame</name>
         <load_address>0xcdbe</load_address>
         <run_address>0xcdbe</run_address>
         <size>0x9e</size>
         <input_file_ref idref="fl-9"/>
      </object_component>
      <object_component id="oc-5d7">
         <name>.text:nwk_sendAckReply</name>
         <load_address>0xce5c</load_address>
         <run_address>0xce5c</run_address>
         <size>0x9c</size>
         <input_file_ref idref="fl-9"/>
      </object_component>
      <object_component id="oc-573">
         <name>.text:nwk_isConnectionValid</name>
         <load_address>0xcef8</load_address>
         <run_address>0xcef8</run_address>
         <size>0x9a</size>
         <input_file_ref idref="fl-6"/>
      </object_component>
      <object_component id="oc-474">
         <name>.text:spiBurstFifoAccess</name>
         <load_address>0xcf92</load_address>
         <run_address>0xcf92</run_address>
         <size>0x8c</size>
         <input_file_ref idref="fl-5"/>
      </object_component>
      <object_component id="oc-29c">
         <name>.text:nwk_nwkInit</name>
         <load_address>0xd01e</load_address>
         <run_address>0xd01e</run_address>
         <size>0x86</size>
         <input_file_ref idref="fl-6"/>
      </object_component>
      <object_component id="oc-486">
         <name>.text:nwk_QfindSlot</name>
         <load_address>0xd0a4</load_address>
         <run_address>0xd0a4</run_address>
         <size>0x82</size>
         <input_file_ref idref="fl-7"/>
      </object_component>
      <object_component id="oc-34">
         <name>.text:decompress:lzss:__TI_decompress_lzss</name>
         <load_address>0xd126</load_address>
         <run_address>0xd126</run_address>
         <size>0x7c</size>
         <input_file_ref idref="fl-2f"/>
      </object_component>
      <object_component id="oc-2cb">
         <name>.text:SMPL_Commission</name>
         <load_address>0xd1a2</load_address>
         <run_address>0xd1a2</run_address>
         <size>0x7a</size>
         <input_file_ref idref="fl-8"/>
      </object_component>
      <object_component id="oc-1d6">
         <name>.text:linkFrom</name>
         <load_address>0xd21c</load_address>
         <run_address>0xd21c</run_address>
         <size>0x74</size>
         <input_file_ref idref="fl-3"/>
      </object_component>
      <object_component id="oc-13a">
         <name>.text:_auto_init</name>
         <load_address>0xd290</load_address>
         <run_address>0xd290</run_address>
         <size>0x6e</size>
         <input_file_ref idref="fl-58"/>
      </object_component>
      <object_component id="oc-619">
         <name>.text:smpl_send_unlink_reply</name>
         <load_address>0xd2fe</load_address>
         <run_address>0xd2fe</run_address>
         <size>0x68</size>
         <input_file_ref idref="fl-e"/>
      </object_component>
      <object_component id="oc-18d">
         <name>.text:copy_in</name>
         <load_address>0xd366</load_address>
         <run_address>0xd366</run_address>
         <size>0x5a</size>
         <input_file_ref idref="fl-59"/>
      </object_component>
      <object_component id="oc-3e0">
         <name>.text</name>
         <load_address>0xd3c0</load_address>
         <run_address>0xd3c0</run_address>
         <size>0x58</size>
         <input_file_ref idref="fl-35"/>
      </object_component>
      <object_component id="oc-1c4">
         <name>.text:sRxCallback</name>
         <load_address>0xd418</load_address>
         <run_address>0xd418</run_address>
         <size>0x58</size>
         <input_file_ref idref="fl-3"/>
      </object_component>
      <object_component id="oc-273">
         <name>.text:nwk_rawSend</name>
         <load_address>0xd470</load_address>
         <run_address>0xd470</run_address>
         <size>0x54</size>
         <input_file_ref idref="fl-c"/>
      </object_component>
      <object_component id="oc-45d">
         <name>.text:nwk_getNextConnection</name>
         <load_address>0xd4c4</load_address>
         <run_address>0xd4c4</run_address>
         <size>0x50</size>
         <input_file_ref idref="fl-6"/>
      </object_component>
      <object_component id="oc-302">
         <name>.text:mrfiSpiCmdStrobe</name>
         <load_address>0xd514</load_address>
         <run_address>0xd514</run_address>
         <size>0x4e</size>
         <input_file_ref idref="fl-5"/>
      </object_component>
      <object_component id="oc-28f">
         <name>.text:SMPL_Receive</name>
         <load_address>0xd562</load_address>
         <run_address>0xd562</run_address>
         <size>0x4c</size>
         <input_file_ref idref="fl-8"/>
      </object_component>
      <object_component id="oc-63c">
         <name>.text:nwk_findPeer</name>
         <load_address>0xd5ae</load_address>
         <run_address>0xd5ae</run_address>
         <size>0x4c</size>
         <input_file_ref idref="fl-6"/>
      </object_component>
      <object_component id="oc-fa">
         <name>.text</name>
         <load_address>0xd5fa</load_address>
         <run_address>0xd5fa</run_address>
         <size>0x4c</size>
         <input_file_ref idref="fl-4b"/>
      </object_component>
      <object_component id="oc-649">
         <name>.text:nwk_isLinkDuplicate</name>
         <load_address>0xd646</load_address>
         <run_address>0xd646</run_address>
         <size>0x48</size>
         <input_file_ref idref="fl-6"/>
      </object_component>
      <object_component id="oc-46d">
         <name>.text:spiRegAccess</name>
         <load_address>0xd68e</load_address>
         <run_address>0xd68e</run_address>
         <size>0x48</size>
         <input_file_ref idref="fl-5"/>
      </object_component>
      <object_component id="oc-2f0">
         <name>.text:MRFI_RxAddrIsFiltered</name>
         <load_address>0xd6d6</load_address>
         <run_address>0xd6d6</run_address>
         <size>0x46</size>
         <input_file_ref idref="fl-5"/>
      </object_component>
      <object_component id="oc-612">
         <name>.text:smpl_send_ping_reply</name>
         <load_address>0xd71c</load_address>
         <run_address>0xd71c</run_address>
         <size>0x46</size>
         <input_file_ref idref="fl-10"/>
      </object_component>
      <object_component id="oc-371">
         <name>.text:MRFI_Rssi</name>
         <load_address>0xd762</load_address>
         <run_address>0xd762</run_address>
         <size>0x44</size>
         <input_file_ref idref="fl-5"/>
      </object_component>
      <object_component id="oc-1ca">
         <name>.text:SMPL_Init</name>
         <load_address>0xd7a6</load_address>
         <run_address>0xd7a6</run_address>
         <size>0x42</size>
         <input_file_ref idref="fl-8"/>
      </object_component>
      <object_component id="oc-3b5">
         <name>.text:mrfiSpiInit</name>
         <load_address>0xd7e8</load_address>
         <run_address>0xd7e8</run_address>
         <size>0x42</size>
         <input_file_ref idref="fl-5"/>
      </object_component>
      <object_component id="oc-628">
         <name>.text:change_channel_cmd_is_valid</name>
         <load_address>0xd82a</load_address>
         <run_address>0xd82a</run_address>
         <size>0x40</size>
         <input_file_ref idref="fl-b"/>
      </object_component>
      <object_component id="oc-555">
         <name>.text:initializeConnection</name>
         <load_address>0xd86a</load_address>
         <run_address>0xd86a</run_address>
         <size>0x3e</size>
         <input_file_ref idref="fl-6"/>
      </object_component>
      <object_component id="oc-154">
         <name>.text:main</name>
         <load_address>0xd8a8</load_address>
         <run_address>0xd8a8</run_address>
         <size>0x3e</size>
         <input_file_ref idref="fl-3"/>
      </object_component>
      <object_component id="oc-44a">
         <name>.text:MRFI_ReplyDelay</name>
         <load_address>0xd8e6</load_address>
         <run_address>0xd8e6</run_address>
         <size>0x3c</size>
         <input_file_ref idref="fl-5"/>
      </object_component>
      <object_component id="oc-444">
         <name>.text:nwk_putNumObjectIntoMsg</name>
         <load_address>0xd922</load_address>
         <run_address>0xd922</run_address>
         <size>0x3c</size>
         <input_file_ref idref="fl-6"/>
      </object_component>
      <object_component id="oc-27f">
         <name>.text:nwk_freqControl</name>
         <load_address>0xd95e</load_address>
         <run_address>0xd95e</run_address>
         <size>0x3a</size>
         <input_file_ref idref="fl-b"/>
      </object_component>
      <object_component id="oc-5f0">
         <name>.text:nwk_isValidReply</name>
         <load_address>0xd998</load_address>
         <run_address>0xd998</run_address>
         <size>0x3a</size>
         <input_file_ref idref="fl-6"/>
      </object_component>
      <object_component id="oc-5cf">
         <name>.text:nwk_processMgmt</name>
         <load_address>0xd9d2</load_address>
         <run_address>0xd9d2</run_address>
         <size>0x3a</size>
         <input_file_ref idref="fl-f"/>
      </object_component>
      <object_component id="oc-2a2">
         <name>.text:MRFI_WakeUp</name>
         <load_address>0xda0c</load_address>
         <run_address>0xda0c</run_address>
         <size>0x36</size>
         <input_file_ref idref="fl-5"/>
      </object_component>
      <object_component id="oc-35f">
         <name>.text:MRFI_SetRFPwr</name>
         <load_address>0xda42</load_address>
         <run_address>0xda42</run_address>
         <size>0x34</size>
         <input_file_ref idref="fl-5"/>
      </object_component>
      <object_component id="oc-2b4">
         <name>.text:MRFI_SetRxAddrFilter</name>
         <load_address>0xda76</load_address>
         <run_address>0xda76</run_address>
         <size>0x34</size>
         <input_file_ref idref="fl-5"/>
      </object_component>
      <object_component id="oc-267">
         <name>.text:nwk_deviceAddress</name>
         <load_address>0xdaaa</load_address>
         <run_address>0xdaaa</run_address>
         <size>0x34</size>
         <input_file_ref idref="fl-c"/>
      </object_component>
      <object_component id="oc-3ca">
         <name>.text:MRFI_SetLogicalChannel</name>
         <load_address>0xdade</load_address>
         <run_address>0xdade</run_address>
         <size>0x32</size>
         <input_file_ref idref="fl-5"/>
      </object_component>
      <object_component id="oc-607">
         <name>.text:handle_freq_cmd</name>
         <load_address>0xdb10</load_address>
         <run_address>0xdb10</run_address>
         <size>0x32</size>
         <input_file_ref idref="fl-b"/>
      </object_component>
      <object_component id="oc-4dc">
         <name>.text:nwk_QadjustOrder</name>
         <load_address>0xdb42</load_address>
         <run_address>0xdb42</run_address>
         <size>0x32</size>
         <input_file_ref idref="fl-7"/>
      </object_component>
      <object_component id="oc-34a">
         <name>.text:nwk_getConnInfo</name>
         <load_address>0xdb74</load_address>
         <run_address>0xdb74</run_address>
         <size>0x32</size>
         <input_file_ref idref="fl-6"/>
      </object_component>
      <object_component id="oc-413">
         <name>.text:nwk_linkInit</name>
         <load_address>0xdba6</load_address>
         <run_address>0xdba6</run_address>
         <size>0x32</size>
         <input_file_ref idref="fl-e"/>
      </object_component>
      <object_component id="oc-5c9">
         <name>.text:nwk_processFreq</name>
         <load_address>0xdbd8</load_address>
         <run_address>0xdbd8</run_address>
         <size>0x32</size>
         <input_file_ref idref="fl-b"/>
      </object_component>
      <object_component id="oc-54d">
         <name>.text:Mrfi_DelayUsecSem</name>
         <load_address>0xdc0a</load_address>
         <run_address>0xdc0a</run_address>
         <size>0x30</size>
         <input_file_ref idref="fl-5"/>
      </object_component>
      <object_component id="oc-4b2">
         <name>.text:map_lid2idx</name>
         <load_address>0xdc3a</load_address>
         <run_address>0xdc3a</run_address>
         <size>0x30</size>
         <input_file_ref idref="fl-6"/>
      </object_component>
      <object_component id="oc-279">
         <name>.text:nwk_rawReceive</name>
         <load_address>0xdc6a</load_address>
         <run_address>0xdc6a</run_address>
         <size>0x30</size>
         <input_file_ref idref="fl-c"/>
      </object_component>
      <object_component id="oc-384">
         <name>.text:nwk_sendFrame</name>
         <load_address>0xdc9a</load_address>
         <run_address>0xdc9a</run_address>
         <size>0x30</size>
         <input_file_ref idref="fl-9"/>
      </object_component>
      <object_component id="oc-2f6">
         <name>.text:Mrfi_CalculateRssi</name>
         <load_address>0xdcca</load_address>
         <run_address>0xdcca</run_address>
         <size>0x2e</size>
         <input_file_ref idref="fl-5"/>
      </object_component>
      <object_component id="oc-5fd">
         <name>.text:handleLinkRequest</name>
         <load_address>0xdcf8</load_address>
         <run_address>0xdcf8</run_address>
         <size>0x2c</size>
         <input_file_ref idref="fl-e"/>
      </object_component>
      <object_component id="oc-55c">
         <name>.text:nwk_buildAckReqFrame</name>
         <load_address>0xdd24</load_address>
         <run_address>0xdd24</run_address>
         <size>0x2c</size>
         <input_file_ref idref="fl-9"/>
      </object_component>
      <object_component id="oc-480">
         <name>.text</name>
         <load_address>0xdd50</load_address>
         <run_address>0xdd50</run_address>
         <size>0x2c</size>
         <input_file_ref idref="fl-33"/>
      </object_component>
      <object_component id="oc-f5">
         <name>.text</name>
         <load_address>0xdd7c</load_address>
         <run_address>0xdd7c</run_address>
         <size>0x2c</size>
         <input_file_ref idref="fl-49"/>
      </object_component>
      <object_component id="oc-3bb">
         <name>.text:Mrfi_DelayUsec</name>
         <load_address>0xdda8</load_address>
         <run_address>0xdda8</run_address>
         <size>0x2a</size>
         <input_file_ref idref="fl-5"/>
      </object_component>
      <object_component id="oc-3ae">
         <name>.text:nwk_checkConnInfo</name>
         <load_address>0xddd2</load_address>
         <run_address>0xddd2</run_address>
         <size>0x2a</size>
         <input_file_ref idref="fl-6"/>
      </object_component>
      <object_component id="oc-3d0">
         <name>.text:Mrfi_RxModeOff</name>
         <load_address>0xddfc</load_address>
         <run_address>0xddfc</run_address>
         <size>0x28</size>
         <input_file_ref idref="fl-5"/>
      </object_component>
      <object_component id="oc-4e3">
         <name>.text:nwk_getAPAddress</name>
         <load_address>0xde24</load_address>
         <run_address>0xde24</run_address>
         <size>0x28</size>
         <input_file_ref idref="fl-a"/>
      </object_component>
      <object_component id="oc-5b1">
         <name>.text:nwk_processPing</name>
         <load_address>0xde4c</load_address>
         <run_address>0xde4c</run_address>
         <size>0x28</size>
         <input_file_ref idref="fl-10"/>
      </object_component>
      <object_component id="oc-588">
         <name>.text:Mrfi_RandomBackoffDelay</name>
         <load_address>0xde74</load_address>
         <run_address>0xde74</run_address>
         <size>0x26</size>
         <input_file_ref idref="fl-5"/>
      </object_component>
      <object_component id="oc-261">
         <name>.text:nwk_connectionControl</name>
         <load_address>0xde9a</load_address>
         <run_address>0xde9a</run_address>
         <size>0x26</size>
         <input_file_ref idref="fl-c"/>
      </object_component>
      <object_component id="oc-3e9">
         <name>.text:nwk_globalsInit</name>
         <load_address>0xdec0</load_address>
         <run_address>0xdec0</run_address>
         <size>0x26</size>
         <input_file_ref idref="fl-a"/>
      </object_component>
      <object_component id="oc-407">
         <name>.text:nwk_joinInit</name>
         <load_address>0xdee6</load_address>
         <run_address>0xdee6</run_address>
         <size>0x26</size>
         <input_file_ref idref="fl-d"/>
      </object_component>
      <object_component id="oc-5b7">
         <name>.text:nwk_processLink</name>
         <load_address>0xdf0c</load_address>
         <run_address>0xdf0c</run_address>
         <size>0x26</size>
         <input_file_ref idref="fl-e"/>
      </object_component>
      <object_component id="oc-3db">
         <name>.text</name>
         <load_address>0xdf32</load_address>
         <run_address>0xdf32</run_address>
         <size>0x26</size>
         <input_file_ref idref="fl-54"/>
      </object_component>
      <object_component id="oc-377">
         <name>.text:MRFI_Sleep</name>
         <load_address>0xdf58</load_address>
         <run_address>0xdf58</run_address>
         <size>0x24</size>
         <input_file_ref idref="fl-5"/>
      </object_component>
      <object_component id="oc-2ba">
         <name>.text:MRFI_EnableRxAddrFilter</name>
         <load_address>0xdf7c</load_address>
         <run_address>0xdf7c</run_address>
         <size>0x22</size>
         <input_file_ref idref="fl-5"/>
      </object_component>
      <object_component id="oc-36b">
         <name>.text:MRFI_RxOn</name>
         <load_address>0xdf9e</load_address>
         <run_address>0xdf9e</run_address>
         <size>0x22</size>
         <input_file_ref idref="fl-5"/>
      </object_component>
      <object_component id="oc-4ec">
         <name>.text:memcmp</name>
         <load_address>0xdfc0</load_address>
         <run_address>0xdfc0</run_address>
         <size>0x22</size>
         <input_file_ref idref="fl-4e"/>
      </object_component>
      <object_component id="oc-1b5">
         <name>.text:BSP_Init</name>
         <load_address>0xdfe2</load_address>
         <run_address>0xdfe2</run_address>
         <size>0x20</size>
         <input_file_ref idref="fl-4"/>
      </object_component>
      <object_component id="oc-219">
         <name>.text:BSP_InitBoard</name>
         <load_address>0xe002</load_address>
         <run_address>0xe002</run_address>
         <size>0x20</size>
         <input_file_ref idref="fl-4"/>
      </object_component>
      <object_component id="oc-2fc">
         <name>.text:MRFI_RxCompleteISR</name>
         <load_address>0xe022</load_address>
         <run_address>0xe022</run_address>
         <size>0x20</size>
         <input_file_ref idref="fl-9"/>
      </object_component>
      <object_component id="oc-365">
         <name>.text:MRFI_RxIdle</name>
         <load_address>0xe042</load_address>
         <run_address>0xe042</run_address>
         <size>0x20</size>
         <input_file_ref idref="fl-5"/>
      </object_component>
      <object_component id="oc-546">
         <name>.text:memmove</name>
         <load_address>0xe062</load_address>
         <run_address>0xe062</run_address>
         <size>0x20</size>
         <input_file_ref idref="fl-50"/>
      </object_component>
      <object_component id="oc-3ef">
         <name>.text:nwk_frameInit</name>
         <load_address>0xe082</load_address>
         <run_address>0xe082</run_address>
         <size>0x20</size>
         <input_file_ref idref="fl-9"/>
      </object_component>
      <object_component id="oc-5bd">
         <name>.text:nwk_processJoin</name>
         <load_address>0xe0a2</load_address>
         <run_address>0xe0a2</run_address>
         <size>0x20</size>
         <input_file_ref idref="fl-d"/>
      </object_component>
      <object_component id="oc-4fc">
         <name>.text:BSP_Delay</name>
         <load_address>0xe0c2</load_address>
         <run_address>0xe0c2</run_address>
         <size>0x1e</size>
         <input_file_ref idref="fl-4"/>
      </object_component>
      <object_component id="oc-2db">
         <name>.text:mrfiSpiReadReg</name>
         <load_address>0xe0e0</load_address>
         <run_address>0xe0e0</run_address>
         <size>0x1e</size>
         <input_file_ref idref="fl-5"/>
      </object_component>
      <object_component id="oc-3f5">
         <name>.text:nwk_QInit</name>
         <load_address>0xe0fe</load_address>
         <run_address>0xe0fe</run_address>
         <size>0x1e</size>
         <input_file_ref idref="fl-7"/>
      </object_component>
      <object_component id="oc-2a8">
         <name>.text:nwk_setChannel</name>
         <load_address>0xe11c</load_address>
         <run_address>0xe11c</run_address>
         <size>0x1c</size>
         <input_file_ref idref="fl-b"/>
      </object_component>
      <object_component id="oc-358">
         <name>.text:nwk_setMyAddress</name>
         <load_address>0xe138</load_address>
         <run_address>0xe138</run_address>
         <size>0x1c</size>
         <input_file_ref idref="fl-a"/>
      </object_component>
      <object_component id="oc-121">
         <name>.text:BSP_GpioPort1Isr</name>
         <load_address>0xe154</load_address>
         <run_address>0xe154</run_address>
         <size>0x1a</size>
         <input_file_ref idref="fl-5"/>
      </object_component>
      <object_component id="oc-6b">
         <name>.text:_c_int00_noargs_noexit</name>
         <load_address>0xe16e</load_address>
         <run_address>0xe16e</run_address>
         <size>0x1a</size>
         <input_file_ref idref="fl-2e"/>
      </object_component>
      <object_component id="oc-3c1">
         <name>.text:mrfiSpiWriteReg</name>
         <load_address>0xe188</load_address>
         <run_address>0xe188</run_address>
         <size>0x1a</size>
         <input_file_ref idref="fl-5"/>
      </object_component>
      <object_component id="oc-31f">
         <name>.text:BSP_InitLeds</name>
         <load_address>0xe1a2</load_address>
         <run_address>0xe1a2</run_address>
         <size>0x16</size>
         <input_file_ref idref="fl-4"/>
      </object_component>
      <object_component id="oc-182">
         <name>.text:MRFI_GpioIsr</name>
         <load_address>0xe1b8</load_address>
         <run_address>0xe1b8</run_address>
         <size>0x16</size>
         <input_file_ref idref="fl-5"/>
      </object_component>
      <object_component id="oc-519">
         <name>.text:MRFI_RandomByte</name>
         <load_address>0xe1ce</load_address>
         <run_address>0xe1ce</run_address>
         <size>0x16</size>
         <input_file_ref idref="fl-5"/>
      </object_component>
      <object_component id="oc-3fb">
         <name>.text:nwk_freqInit</name>
         <load_address>0xe1e4</load_address>
         <run_address>0xe1e4</run_address>
         <size>0x16</size>
         <input_file_ref idref="fl-b"/>
      </object_component>
      <object_component id="oc-567">
         <name>.text</name>
         <load_address>0xe1fa</load_address>
         <run_address>0xe1fa</run_address>
         <size>0x16</size>
         <input_file_ref idref="fl-34"/>
      </object_component>
      <object_component id="oc-1d0">
         <name>.text:toggleLED</name>
         <load_address>0xe210</load_address>
         <run_address>0xe210</run_address>
         <size>0x16</size>
         <input_file_ref idref="fl-3"/>
      </object_component>
      <object_component id="oc-4d">
         <name>.text:decompress:ZI:__TI_zero_init</name>
         <load_address>0xe226</load_address>
         <run_address>0xe226</run_address>
         <size>0x14</size>
         <input_file_ref idref="fl-31"/>
      </object_component>
      <object_component id="oc-231">
         <name>.text:ioctlPreInitAccessIsOK</name>
         <load_address>0xe23a</load_address>
         <run_address>0xe23a</run_address>
         <size>0x14</size>
         <input_file_ref idref="fl-8"/>
      </object_component>
      <object_component id="oc-2ea">
         <name>.text:memset</name>
         <load_address>0xe24e</load_address>
         <run_address>0xe24e</run_address>
         <size>0x14</size>
         <input_file_ref idref="fl-51"/>
      </object_component>
      <object_component id="oc-1e9">
         <name>.text</name>
         <load_address>0xe262</load_address>
         <run_address>0xe262</run_address>
         <size>0x14</size>
         <input_file_ref idref="fl-53"/>
      </object_component>
      <object_component id="oc-4c0">
         <name>.text:Mrfi_RxModeOn</name>
         <load_address>0xe276</load_address>
         <run_address>0xe276</run_address>
         <size>0x12</size>
         <input_file_ref idref="fl-5"/>
      </object_component>
      <object_component id="oc-62e">
         <name>.text:change_channel_cmd</name>
         <load_address>0xe288</load_address>
         <run_address>0xe288</run_address>
         <size>0x12</size>
         <input_file_ref idref="fl-b"/>
      </object_component>
      <object_component id="oc-3a">
         <name>.text:decompress:none:__TI_decompress_none</name>
         <load_address>0xe29a</load_address>
         <run_address>0xe29a</run_address>
         <size>0x12</size>
         <input_file_ref idref="fl-30"/>
      </object_component>
      <object_component id="oc-10f">
         <name>.text:memcpy</name>
         <load_address>0xe2ac</load_address>
         <run_address>0xe2ac</run_address>
         <size>0x12</size>
         <input_file_ref idref="fl-4f"/>
      </object_component>
      <object_component id="oc-243">
         <name>.text:nwk_getJoinToken</name>
         <load_address>0xe2be</load_address>
         <run_address>0xe2be</run_address>
         <size>0x12</size>
         <input_file_ref idref="fl-d"/>
      </object_component>
      <object_component id="oc-237">
         <name>.text:nwk_getLinkToken</name>
         <load_address>0xe2d0</load_address>
         <run_address>0xe2d0</run_address>
         <size>0x12</size>
         <input_file_ref idref="fl-e"/>
      </object_component>
      <object_component id="oc-2ae">
         <name>.text:nwk_getMyAddress</name>
         <load_address>0xe2e2</load_address>
         <run_address>0xe2e2</run_address>
         <size>0x12</size>
         <input_file_ref idref="fl-a"/>
      </object_component>
      <object_component id="oc-249">
         <name>.text:nwk_setJoinToken</name>
         <load_address>0xe2f4</load_address>
         <run_address>0xe2f4</run_address>
         <size>0x12</size>
         <input_file_ref idref="fl-d"/>
      </object_component>
      <object_component id="oc-23d">
         <name>.text:nwk_setLinkToken</name>
         <load_address>0xe306</load_address>
         <run_address>0xe306</run_address>
         <size>0x12</size>
         <input_file_ref idref="fl-e"/>
      </object_component>
      <object_component id="oc-1af">
         <name>.text:init_lm35</name>
         <load_address>0xe318</load_address>
         <run_address>0xe318</run_address>
         <size>0x10</size>
         <input_file_ref idref="fl-2"/>
      </object_component>
      <object_component id="oc-3d6">
         <name>.text:l_asr</name>
         <load_address>0xe328</load_address>
         <run_address>0xe328</run_address>
         <size>0x10</size>
         <input_file_ref idref="fl-2c"/>
      </object_component>
      <object_component id="oc-ff">
         <name>.text</name>
         <load_address>0xe338</load_address>
         <run_address>0xe338</run_address>
         <size>0x10</size>
         <input_file_ref idref="fl-37"/>
      </object_component>
      <object_component id="oc-48c">
         <name>.text:MRFI_Receive</name>
         <load_address>0xe348</load_address>
         <run_address>0xe348</run_address>
         <size>0xe</size>
         <input_file_ref idref="fl-5"/>
      </object_component>
      <object_component id="oc-582">
         <name>.text:mrfiSpiWriteTxFifo</name>
         <load_address>0xe356</load_address>
         <run_address>0xe356</run_address>
         <size>0xe</size>
         <input_file_ref idref="fl-5"/>
      </object_component>
      <object_component id="oc-643">
         <name>.text:nwk_getNumObjectFromMsg</name>
         <load_address>0xe364</load_address>
         <run_address>0xe364</run_address>
         <size>0xe</size>
         <input_file_ref idref="fl-6"/>
      </object_component>
      <object_component id="oc-450">
         <name>.text:nwk_setAPAddress</name>
         <load_address>0xe372</load_address>
         <run_address>0xe372</run_address>
         <size>0xe</size>
         <input_file_ref idref="fl-a"/>
      </object_component>
      <object_component id="oc-5dd">
         <name>.text:MRFI_PostKillSem</name>
         <load_address>0xe380</load_address>
         <run_address>0xe380</run_address>
         <size>0xc</size>
         <input_file_ref idref="fl-5"/>
      </object_component>
      <object_component id="oc-5f6">
         <name>.text:handlePingRequest</name>
         <load_address>0xe38c</load_address>
         <run_address>0xe38c</run_address>
         <size>0xc</size>
         <input_file_ref idref="fl-10"/>
      </object_component>
      <object_component id="oc-2e1">
         <name>.text:mrfiSpiReadRxFifo</name>
         <load_address>0xe398</load_address>
         <run_address>0xe398</run_address>
         <size>0xc</size>
         <input_file_ref idref="fl-5"/>
      </object_component>
      <object_component id="oc-325">
         <name>.text:BSP_InitButtons</name>
         <load_address>0xe3a4</load_address>
         <run_address>0xe3a4</run_address>
         <size>0xa</size>
         <input_file_ref idref="fl-4"/>
      </object_component>
      <object_component id="oc-21f">
         <name>.text:BSP_InitDrivers</name>
         <load_address>0xe3ae</load_address>
         <run_address>0xe3ae</run_address>
         <size>0xa</size>
         <input_file_ref idref="fl-4"/>
      </object_component>
      <object_component id="oc-134">
         <name>.text:_system_pre_init</name>
         <load_address>0xe3b8</load_address>
         <run_address>0xe3b8</run_address>
         <size>0xa</size>
         <input_file_ref idref="fl-4"/>
      </object_component>
      <object_component id="oc-40d">
         <name>.text:nwk_mgmtInit</name>
         <load_address>0xe3c2</load_address>
         <run_address>0xe3c2</run_address>
         <size>0xa</size>
         <input_file_ref idref="fl-f"/>
      </object_component>
      <object_component id="oc-401">
         <name>.text:nwk_pingInit</name>
         <load_address>0xe3cc</load_address>
         <run_address>0xe3cc</run_address>
         <size>0xa</size>
         <input_file_ref idref="fl-10"/>
      </object_component>
      <object_component id="oc-127">
         <name>.text:ADC10_ISR</name>
         <load_address>0xe3d6</load_address>
         <run_address>0xe3d6</run_address>
         <size>0x8</size>
         <input_file_ref idref="fl-2"/>
      </object_component>
      <object_component id="oc-2d1">
         <name>.text:SMPL_Send</name>
         <load_address>0xe3de</load_address>
         <run_address>0xe3de</run_address>
         <size>0x8</size>
         <input_file_ref idref="fl-8"/>
      </object_component>
      <object_component id="oc-11c">
         <name>.text:_isr:__TI_ISR_TRAP</name>
         <load_address>0xe3e6</load_address>
         <run_address>0xe3e6</run_address>
         <size>0x8</size>
         <input_file_ref idref="fl-48"/>
      </object_component>
      <object_component id="oc-398">
         <name>.text:nwk_getChannel</name>
         <load_address>0xe3ee</load_address>
         <run_address>0xe3ee</run_address>
         <size>0x8</size>
         <input_file_ref idref="fl-b"/>
      </object_component>
      <object_component id="oc-43e">
         <name>.text:MRFI_GetRadioState</name>
         <load_address>0xe3f6</load_address>
         <run_address>0xe3f6</run_address>
         <size>0x6</size>
         <input_file_ref idref="fl-5"/>
      </object_component>
      <object_component id="oc-15c">
         <name>.text:abort</name>
         <load_address>0xe3fc</load_address>
         <run_address>0xe3fc</run_address>
         <size>0x6</size>
         <input_file_ref idref="fl-38"/>
      </object_component>
      <object_component id="oc-350">
         <name>.text:nwk_freeConnection</name>
         <load_address>0xe402</load_address>
         <run_address>0xe402</run_address>
         <size>0x6</size>
         <input_file_ref idref="fl-6"/>
      </object_component>
      <object_component id="oc-41f">
         <name>.text:nwk_getBCastAddress</name>
         <load_address>0xe408</load_address>
         <run_address>0xe408</run_address>
         <size>0x6</size>
         <input_file_ref idref="fl-a"/>
      </object_component>
      <object_component id="oc-255">
         <name>.text:nwk_getFWVersion</name>
         <load_address>0xe40e</load_address>
         <run_address>0xe40e</run_address>
         <size>0x6</size>
         <input_file_ref idref="fl-a"/>
      </object_component>
      <object_component id="oc-655">
         <name>.text:nwk_getMyRxType</name>
         <load_address>0xe414</load_address>
         <run_address>0xe414</run_address>
         <size>0x6</size>
         <input_file_ref idref="fl-9"/>
      </object_component>
      <object_component id="oc-24f">
         <name>.text:nwk_getProtocolVersion</name>
         <load_address>0xe41a</load_address>
         <run_address>0xe41a</run_address>
         <size>0x6</size>
         <input_file_ref idref="fl-a"/>
      </object_component>
      <object_component id="oc-25b">
         <name>.text:nwk_NVObj</name>
         <load_address>0xe420</load_address>
         <run_address>0xe420</run_address>
         <size>0x4</size>
         <input_file_ref idref="fl-6"/>
      </object_component>
      <object_component id="oc-5c3">
         <name>.text:nwk_processSecurity</name>
         <load_address>0xe424</load_address>
         <run_address>0xe424</run_address>
         <size>0x4</size>
         <input_file_ref idref="fl-11"/>
      </object_component>
      <object_component id="oc-634">
         <name>.text:send_ping_reply</name>
         <load_address>0xe428</load_address>
         <run_address>0xe428</run_address>
         <size>0x4</size>
         <input_file_ref idref="fl-b"/>
      </object_component>
      <object_component id="oc-193">
         <name>.text:_system_post_cinit</name>
         <load_address>0xe42c</load_address>
         <run_address>0xe42c</run_address>
         <size>0x2</size>
         <input_file_ref idref="fl-5a"/>
      </object_component>
      <object_component id="oc-419">
         <name>.text:nwk_securityInit</name>
         <load_address>0xe42e</load_address>
         <run_address>0xe42e</run_address>
         <size>0x2</size>
         <input_file_ref idref="fl-11"/>
      </object_component>
      <object_component id="oc-69e">
         <name>.cinit..data.load</name>
         <load_address>0xe498</load_address>
         <run_address>0xe498</run_address>
         <size>0xc</size>
      </object_component>
      <object_component id="oc-69b">
         <name>__TI_handler_table</name>
         <load_address>0xe4a4</load_address>
         <run_address>0xe4a4</run_address>
         <size>0x6</size>
      </object_component>
      <object_component id="oc-69d">
         <name>.cinit..bss.load</name>
         <load_address>0xe4aa</load_address>
         <run_address>0xe4aa</run_address>
         <size>0x4</size>
      </object_component>
      <object_component id="oc-69c">
         <name>__TI_cinit_table</name>
         <load_address>0xe4ae</load_address>
         <run_address>0xe4ae</run_address>
         <size>0x8</size>
      </object_component>
      <object_component id="oc-3c7">
         <name>.const:mrfiRadioCfg</name>
         <load_address>0xe430</load_address>
         <run_address>0xe430</run_address>
         <size>0x3e</size>
         <input_file_ref idref="fl-5"/>
      </object_component>
      <object_component id="oc-570">
         <name>.const:func</name>
         <load_address>0xe46e</load_address>
         <run_address>0xe46e</run_address>
         <size>0xc</size>
         <input_file_ref idref="fl-9"/>
      </object_component>
      <object_component id="oc-342">
         <name>.const:sVersionInfo</name>
         <load_address>0xe47a</load_address>
         <run_address>0xe47a</run_address>
         <size>0x5</size>
         <input_file_ref idref="fl-a"/>
      </object_component>
      <object_component id="oc-435">
         <name>.const:.string:mrfiBroadcastAddr</name>
         <load_address>0xe480</load_address>
         <run_address>0xe480</run_address>
         <size>0x4</size>
         <input_file_ref idref="fl-5"/>
      </object_component>
      <object_component id="oc-506">
         <name>.const:.string:mrfiLogicalChanTable</name>
         <load_address>0xe484</load_address>
         <run_address>0xe484</run_address>
         <size>0x4</size>
         <input_file_ref idref="fl-5"/>
      </object_component>
      <object_component id="oc-1bb">
         <name>.const:linkListenAddr</name>
         <load_address>0xe488</load_address>
         <run_address>0xe488</run_address>
         <size>0x4</size>
         <input_file_ref idref="fl-3"/>
      </object_component>
      <object_component id="oc-2c8">
         <name>.const:linkToAddr</name>
         <load_address>0xe48c</load_address>
         <run_address>0xe48c</run_address>
         <size>0x4</size>
         <input_file_ref idref="fl-3"/>
      </object_component>
      <object_component id="oc-431">
         <name>.const:sMyROMAddress</name>
         <load_address>0xe490</load_address>
         <run_address>0xe490</run_address>
         <size>0x4</size>
         <input_file_ref idref="fl-a"/>
      </object_component>
      <object_component id="oc-4bd">
         <name>.const:.string:mrfiRFPowerTable</name>
         <load_address>0xe494</load_address>
         <run_address>0xe494</run_address>
         <size>0x3</size>
         <input_file_ref idref="fl-5"/>
      </object_component>
      <object_component id="oc-665">
         <name>.binit</name>
         <load_address>0xc000</load_address>
         <run_address>0xc000</run_address>
         <size>0x0</size>
      </object_component>
      <object_component id="oc-40">
         <name>.int00</name>
         <load_address>0xffe0</load_address>
         <run_address>0xffe0</run_address>
         <size>0x2</size>
         <input_file_ref idref="fl-3d"/>
      </object_component>
      <object_component id="oc-41">
         <name>.int02</name>
         <load_address>0xffe4</load_address>
         <run_address>0xffe4</run_address>
         <size>0x2</size>
         <input_file_ref idref="fl-3e"/>
      </object_component>
      <object_component id="oc-42">
         <name>.int03</name>
         <load_address>0xffe6</load_address>
         <run_address>0xffe6</run_address>
         <size>0x2</size>
         <input_file_ref idref="fl-5"/>
      </object_component>
      <object_component id="oc-43">
         <name>.int05</name>
         <load_address>0xffea</load_address>
         <run_address>0xffea</run_address>
         <size>0x2</size>
         <input_file_ref idref="fl-2"/>
      </object_component>
      <object_component id="oc-44">
         <name>.int06</name>
         <load_address>0xffec</load_address>
         <run_address>0xffec</run_address>
         <size>0x2</size>
         <input_file_ref idref="fl-3f"/>
      </object_component>
      <object_component id="oc-45">
         <name>.int07</name>
         <load_address>0xffee</load_address>
         <run_address>0xffee</run_address>
         <size>0x2</size>
         <input_file_ref idref="fl-40"/>
      </object_component>
      <object_component id="oc-46">
         <name>.int08</name>
         <load_address>0xfff0</load_address>
         <run_address>0xfff0</run_address>
         <size>0x2</size>
         <input_file_ref idref="fl-41"/>
      </object_component>
      <object_component id="oc-47">
         <name>.int09</name>
         <load_address>0xfff2</load_address>
         <run_address>0xfff2</run_address>
         <size>0x2</size>
         <input_file_ref idref="fl-42"/>
      </object_component>
      <object_component id="oc-48">
         <name>.int10</name>
         <load_address>0xfff4</load_address>
         <run_address>0xfff4</run_address>
         <size>0x2</size>
         <input_file_ref idref="fl-43"/>
      </object_component>
      <object_component id="oc-49">
         <name>.int11</name>
         <load_address>0xfff6</load_address>
         <run_address>0xfff6</run_address>
         <size>0x2</size>
         <input_file_ref idref="fl-44"/>
      </object_component>
      <object_component id="oc-4a">
         <name>.int12</name>
         <load_address>0xfff8</load_address>
         <run_address>0xfff8</run_address>
         <size>0x2</size>
         <input_file_ref idref="fl-45"/>
      </object_component>
      <object_component id="oc-4b">
         <name>.int13</name>
         <load_address>0xfffa</load_address>
         <run_address>0xfffa</run_address>
         <size>0x2</size>
         <input_file_ref idref="fl-46"/>
      </object_component>
      <object_component id="oc-4c">
         <name>.int14</name>
         <load_address>0xfffc</load_address>
         <run_address>0xfffc</run_address>
         <size>0x2</size>
         <input_file_ref idref="fl-47"/>
      </object_component>
      <object_component id="oc-f4">
         <name>.reset</name>
         <load_address>0xfffe</load_address>
         <run_address>0xfffe</run_address>
         <size>0x2</size>
         <input_file_ref idref="fl-2d"/>
      </object_component>
      <object_component id="oc-1b0">
         <name>.debug_info</name>
         <load_address>0x0</load_address>
         <run_address>0x0</run_address>
         <size>0x10f</size>
         <input_file_ref idref="fl-2"/>
      </object_component>
      <object_component id="oc-128">
         <name>.debug_info</name>
         <load_address>0x10f</load_address>
         <run_address>0x10f</run_address>
         <size>0x110</size>
         <input_file_ref idref="fl-2"/>
      </object_component>
      <object_component id="oc-10a">
         <name>.debug_info</name>
         <load_address>0x21f</load_address>
         <run_address>0x21f</run_address>
         <size>0x84</size>
         <input_file_ref idref="fl-2"/>
      </object_component>
      <object_component id="oc-22d">
         <name>.debug_info</name>
         <load_address>0x2a3</load_address>
         <run_address>0x2a3</run_address>
         <size>0x33d</size>
         <input_file_ref idref="fl-3"/>
      </object_component>
      <object_component id="oc-28d">
         <name>.debug_info</name>
         <load_address>0x5e0</load_address>
         <run_address>0x5e0</run_address>
         <size>0x134</size>
         <input_file_ref idref="fl-3"/>
      </object_component>
      <object_component id="oc-2c9">
         <name>.debug_info</name>
         <load_address>0x714</load_address>
         <run_address>0x714</run_address>
         <size>0xf9</size>
         <input_file_ref idref="fl-3"/>
      </object_component>
      <object_component id="oc-1bc">
         <name>.debug_info</name>
         <load_address>0x80d</load_address>
         <run_address>0x80d</run_address>
         <size>0x101</size>
         <input_file_ref idref="fl-3"/>
      </object_component>
      <object_component id="oc-155">
         <name>.debug_info</name>
         <load_address>0x90e</load_address>
         <run_address>0x90e</run_address>
         <size>0x1a4</size>
         <input_file_ref idref="fl-3"/>
      </object_component>
      <object_component id="oc-1d7">
         <name>.debug_info</name>
         <load_address>0xab2</load_address>
         <run_address>0xab2</run_address>
         <size>0x1a2</size>
         <input_file_ref idref="fl-3"/>
      </object_component>
      <object_component id="oc-1d1">
         <name>.debug_info</name>
         <load_address>0xc54</load_address>
         <run_address>0xc54</run_address>
         <size>0x16b</size>
         <input_file_ref idref="fl-3"/>
      </object_component>
      <object_component id="oc-1c5">
         <name>.debug_info</name>
         <load_address>0xdbf</load_address>
         <run_address>0xdbf</run_address>
         <size>0x1d0</size>
         <input_file_ref idref="fl-3"/>
      </object_component>
      <object_component id="oc-286">
         <name>.debug_info</name>
         <load_address>0xf8f</load_address>
         <run_address>0xf8f</run_address>
         <size>0x692</size>
         <input_file_ref idref="fl-3"/>
      </object_component>
      <object_component id="oc-32e">
         <name>.debug_info</name>
         <load_address>0x1621</load_address>
         <run_address>0x1621</run_address>
         <size>0x5e</size>
         <input_file_ref idref="fl-3"/>
      </object_component>
      <object_component id="oc-226">
         <name>.debug_info</name>
         <load_address>0x167f</load_address>
         <run_address>0x167f</run_address>
         <size>0x6d</size>
         <input_file_ref idref="fl-3"/>
      </object_component>
      <object_component id="oc-309">
         <name>.debug_info</name>
         <load_address>0x16ec</load_address>
         <run_address>0x16ec</run_address>
         <size>0x2c</size>
         <input_file_ref idref="fl-3"/>
      </object_component>
      <object_component id="oc-597">
         <name>.debug_info</name>
         <load_address>0x1718</load_address>
         <run_address>0x1718</run_address>
         <size>0x29e</size>
         <input_file_ref idref="fl-4"/>
      </object_component>
      <object_component id="oc-31c">
         <name>.debug_info</name>
         <load_address>0x19b6</load_address>
         <run_address>0x19b6</run_address>
         <size>0x104</size>
         <input_file_ref idref="fl-4"/>
      </object_component>
      <object_component id="oc-1b6">
         <name>.debug_info</name>
         <load_address>0x1aba</load_address>
         <run_address>0x1aba</run_address>
         <size>0x173</size>
         <input_file_ref idref="fl-4"/>
      </object_component>
      <object_component id="oc-135">
         <name>.debug_info</name>
         <load_address>0x1c2d</load_address>
         <run_address>0x1c2d</run_address>
         <size>0x1cd</size>
         <input_file_ref idref="fl-4"/>
      </object_component>
      <object_component id="oc-21a">
         <name>.debug_info</name>
         <load_address>0x1dfa</load_address>
         <run_address>0x1dfa</run_address>
         <size>0x1c3</size>
         <input_file_ref idref="fl-4"/>
      </object_component>
      <object_component id="oc-4fd">
         <name>.debug_info</name>
         <load_address>0x1fbd</load_address>
         <run_address>0x1fbd</run_address>
         <size>0x211</size>
         <input_file_ref idref="fl-4"/>
      </object_component>
      <object_component id="oc-220">
         <name>.debug_info</name>
         <load_address>0x21ce</load_address>
         <run_address>0x21ce</run_address>
         <size>0x1f4</size>
         <input_file_ref idref="fl-4"/>
      </object_component>
      <object_component id="oc-320">
         <name>.debug_info</name>
         <load_address>0x23c2</load_address>
         <run_address>0x23c2</run_address>
         <size>0x1af</size>
         <input_file_ref idref="fl-4"/>
      </object_component>
      <object_component id="oc-326">
         <name>.debug_info</name>
         <load_address>0x2571</load_address>
         <run_address>0x2571</run_address>
         <size>0x1bb</size>
         <input_file_ref idref="fl-4"/>
      </object_component>
      <object_component id="oc-43c">
         <name>.debug_info</name>
         <load_address>0x272c</load_address>
         <run_address>0x272c</run_address>
         <size>0x4ad</size>
         <input_file_ref idref="fl-5"/>
      </object_component>
      <object_component id="oc-3c8">
         <name>.debug_info</name>
         <load_address>0x2bd9</load_address>
         <run_address>0x2bd9</run_address>
         <size>0xfa</size>
         <input_file_ref idref="fl-5"/>
      </object_component>
      <object_component id="oc-2d9">
         <name>.debug_info</name>
         <load_address>0x2cd3</load_address>
         <run_address>0x2cd3</run_address>
         <size>0x212</size>
         <input_file_ref idref="fl-5"/>
      </object_component>
      <object_component id="oc-2e8">
         <name>.debug_info</name>
         <load_address>0x2ee5</load_address>
         <run_address>0x2ee5</run_address>
         <size>0x107</size>
         <input_file_ref idref="fl-5"/>
      </object_component>
      <object_component id="oc-436">
         <name>.debug_info</name>
         <load_address>0x2fec</load_address>
         <run_address>0x2fec</run_address>
         <size>0x105</size>
         <input_file_ref idref="fl-5"/>
      </object_component>
      <object_component id="oc-507">
         <name>.debug_info</name>
         <load_address>0x30f1</load_address>
         <run_address>0x30f1</run_address>
         <size>0x10a</size>
         <input_file_ref idref="fl-5"/>
      </object_component>
      <object_component id="oc-4be">
         <name>.debug_info</name>
         <load_address>0x31fb</load_address>
         <run_address>0x31fb</run_address>
         <size>0x102</size>
         <input_file_ref idref="fl-5"/>
      </object_component>
      <object_component id="oc-439">
         <name>.debug_info</name>
         <load_address>0x32fd</load_address>
         <run_address>0x32fd</run_address>
         <size>0x102</size>
         <input_file_ref idref="fl-5"/>
      </object_component>
      <object_component id="oc-297">
         <name>.debug_info</name>
         <load_address>0x33ff</load_address>
         <run_address>0x33ff</run_address>
         <size>0x3ed</size>
         <input_file_ref idref="fl-5"/>
      </object_component>
      <object_component id="oc-4d0">
         <name>.debug_info</name>
         <load_address>0x37ec</load_address>
         <run_address>0x37ec</run_address>
         <size>0x38b</size>
         <input_file_ref idref="fl-5"/>
      </object_component>
      <object_component id="oc-48d">
         <name>.debug_info</name>
         <load_address>0x3b77</load_address>
         <run_address>0x3b77</run_address>
         <size>0x196</size>
         <input_file_ref idref="fl-5"/>
      </object_component>
      <object_component id="oc-1e3">
         <name>.debug_info</name>
         <load_address>0x3d0d</load_address>
         <run_address>0x3d0d</run_address>
         <size>0x303</size>
         <input_file_ref idref="fl-5"/>
      </object_component>
      <object_component id="oc-4c1">
         <name>.debug_info</name>
         <load_address>0x4010</load_address>
         <run_address>0x4010</run_address>
         <size>0x18a</size>
         <input_file_ref idref="fl-5"/>
      </object_component>
      <object_component id="oc-36c">
         <name>.debug_info</name>
         <load_address>0x419a</load_address>
         <run_address>0x419a</run_address>
         <size>0x180</size>
         <input_file_ref idref="fl-5"/>
      </object_component>
      <object_component id="oc-3d1">
         <name>.debug_info</name>
         <load_address>0x431a</load_address>
         <run_address>0x431a</run_address>
         <size>0x1ba</size>
         <input_file_ref idref="fl-5"/>
      </object_component>
      <object_component id="oc-366">
         <name>.debug_info</name>
         <load_address>0x44d4</load_address>
         <run_address>0x44d4</run_address>
         <size>0x185</size>
         <input_file_ref idref="fl-5"/>
      </object_component>
      <object_component id="oc-378">
         <name>.debug_info</name>
         <load_address>0x4659</load_address>
         <run_address>0x4659</run_address>
         <size>0x1a2</size>
         <input_file_ref idref="fl-5"/>
      </object_component>
      <object_component id="oc-2a3">
         <name>.debug_info</name>
         <load_address>0x47fb</load_address>
         <run_address>0x47fb</run_address>
         <size>0x19e</size>
         <input_file_ref idref="fl-5"/>
      </object_component>
      <object_component id="oc-183">
         <name>.debug_info</name>
         <load_address>0x4999</load_address>
         <run_address>0x4999</run_address>
         <size>0x18a</size>
         <input_file_ref idref="fl-5"/>
      </object_component>
      <object_component id="oc-372">
         <name>.debug_info</name>
         <load_address>0x4b23</load_address>
         <run_address>0x4b23</run_address>
         <size>0x1db</size>
         <input_file_ref idref="fl-5"/>
      </object_component>
      <object_component id="oc-2f7">
         <name>.debug_info</name>
         <load_address>0x4cfe</load_address>
         <run_address>0x4cfe</run_address>
         <size>0x1d8</size>
         <input_file_ref idref="fl-5"/>
      </object_component>
      <object_component id="oc-51a">
         <name>.debug_info</name>
         <load_address>0x4ed6</load_address>
         <run_address>0x4ed6</run_address>
         <size>0x190</size>
         <input_file_ref idref="fl-5"/>
      </object_component>
      <object_component id="oc-589">
         <name>.debug_info</name>
         <load_address>0x5066</load_address>
         <run_address>0x5066</run_address>
         <size>0x1d6</size>
         <input_file_ref idref="fl-5"/>
      </object_component>
      <object_component id="oc-3bc">
         <name>.debug_info</name>
         <load_address>0x523c</load_address>
         <run_address>0x523c</run_address>
         <size>0x1e7</size>
         <input_file_ref idref="fl-5"/>
      </object_component>
      <object_component id="oc-54e">
         <name>.debug_info</name>
         <load_address>0x5423</load_address>
         <run_address>0x5423</run_address>
         <size>0x1ed</size>
         <input_file_ref idref="fl-5"/>
      </object_component>
      <object_component id="oc-44b">
         <name>.debug_info</name>
         <load_address>0x5610</load_address>
         <run_address>0x5610</run_address>
         <size>0x1bc</size>
         <input_file_ref idref="fl-5"/>
      </object_component>
      <object_component id="oc-5de">
         <name>.debug_info</name>
         <load_address>0x57cc</load_address>
         <run_address>0x57cc</run_address>
         <size>0x17a</size>
         <input_file_ref idref="fl-5"/>
      </object_component>
      <object_component id="oc-43f">
         <name>.debug_info</name>
         <load_address>0x5946</load_address>
         <run_address>0x5946</run_address>
         <size>0x182</size>
         <input_file_ref idref="fl-5"/>
      </object_component>
      <object_component id="oc-3b6">
         <name>.debug_info</name>
         <load_address>0x5ac8</load_address>
         <run_address>0x5ac8</run_address>
         <size>0x169</size>
         <input_file_ref idref="fl-5"/>
      </object_component>
      <object_component id="oc-303">
         <name>.debug_info</name>
         <load_address>0x5c31</load_address>
         <run_address>0x5c31</run_address>
         <size>0x1c1</size>
         <input_file_ref idref="fl-5"/>
      </object_component>
      <object_component id="oc-2dc">
         <name>.debug_info</name>
         <load_address>0x5df2</load_address>
         <run_address>0x5df2</run_address>
         <size>0x1a8</size>
         <input_file_ref idref="fl-5"/>
      </object_component>
      <object_component id="oc-3c2">
         <name>.debug_info</name>
         <load_address>0x5f9a</load_address>
         <run_address>0x5f9a</run_address>
         <size>0x1b9</size>
         <input_file_ref idref="fl-5"/>
      </object_component>
      <object_component id="oc-46e">
         <name>.debug_info</name>
         <load_address>0x6153</load_address>
         <run_address>0x6153</run_address>
         <size>0x200</size>
         <input_file_ref idref="fl-5"/>
      </object_component>
      <object_component id="oc-583">
         <name>.debug_info</name>
         <load_address>0x6353</load_address>
         <run_address>0x6353</run_address>
         <size>0x1d5</size>
         <input_file_ref idref="fl-5"/>
      </object_component>
      <object_component id="oc-2e2">
         <name>.debug_info</name>
         <load_address>0x6528</load_address>
[...]
         <value>0xe3de</value>
         <object_component_ref idref="oc-2d1"/>
      </symbol>
      <symbol id="sm-4a0">
         <name>SMPL_Init</name>
         <value>0xd7a6</value>
         <object_component_ref idref="oc-1ca"/>
      </symbol>
      <symbol id="sm-4a1">
         <name>SMPL_SendOpt</name>
         <value>0xc806</value>
         <object_component_ref idref="oc-464"/>
      </symbol>
      <symbol id="sm-4a2">
         <name>SMPL_Ioctl</name>
         <value>0xc364</value>
         <object_component_ref idref="oc-1be"/>
      </symbol>
      <symbol id="sm-50f">
         <name>nwk_buildFrame</name>
         <value>0xcdbe</value>
         <object_component_ref idref="oc-37e"/>
      </symbol>
      <symbol id="sm-510">
         <name>nwk_sendFrame</name>
         <value>0xdc9a</value>
         <object_component_ref idref="oc-384"/>
      </symbol>
      <symbol id="sm-511">
         <name>nwk_getMyRxType</name>
         <value>0xe414</value>
         <object_component_ref idref="oc-655"/>
      </symbol>
      <symbol id="sm-512">
         <name>nwk_buildAckReqFrame</name>
         <value>0xdd24</value>
         <object_component_ref idref="oc-55c"/>
      </symbol>
      <symbol id="sm-513">
         <name>nwk_frameInit</name>
         <value>0xe082</value>
         <object_component_ref idref="oc-3ef"/>
      </symbol>
      <symbol id="sm-514">
         <name>nwk_retrieveFrame</name>
         <value>0xcc6a</value>
         <object_component_ref idref="oc-38b"/>
      </symbol>
      <symbol id="sm-515">
         <name>nwk_sendAckReply</name>
         <value>0xce5c</value>
         <object_component_ref idref="oc-5d7"/>
      </symbol>
      <symbol id="sm-516">
         <name>MRFI_RxCompleteISR</name>
         <value>0xe022</value>
         <object_component_ref idref="oc-2fc"/>
      </symbol>
      <symbol id="sm-577">
         <name>nwk_getProtocolVersion</name>
         <value>0xe41a</value>
         <object_component_ref idref="oc-24f"/>
      </symbol>
      <symbol id="sm-578">
         <name>nwk_getFWVersion</name>
         <value>0xe40e</value>
         <object_component_ref idref="oc-255"/>
      </symbol>
      <symbol id="sm-579">
         <name>nwk_globalsInit</name>
         <value>0xdec0</value>
         <object_component_ref idref="oc-3e9"/>
      </symbol>
      <symbol id="sm-57a">
         <name>nwk_setAPAddress</name>
         <value>0xe372</value>
         <object_component_ref idref="oc-450"/>
      </symbol>
      <symbol id="sm-57b">
         <name>nwk_setMyAddress</name>
         <value>0xe138</value>
         <object_component_ref idref="oc-358"/>
      </symbol>
      <symbol id="sm-57c">
         <name>nwk_getBCastAddress</name>
         <value>0xe408</value>
         <object_component_ref idref="oc-41f"/>
      </symbol>
      <symbol id="sm-57d">
         <name>nwk_getMyAddress</name>
         <value>0xe2e2</value>
         <object_component_ref idref="oc-2ae"/>
      </symbol>
      <symbol id="sm-57e">
         <name>nwk_getAPAddress</name>
         <value>0xde24</value>
         <object_component_ref idref="oc-4e3"/>
      </symbol>
      <symbol id="sm-5f3">
         <name>nwk_getChannel</name>
         <value>0xe3ee</value>
         <object_component_ref idref="oc-398"/>
      </symbol>
      <symbol id="sm-5f4">
         <name>nwk_setChannel</name>
         <value>0xe11c</value>
         <object_component_ref idref="oc-2a8"/>
      </symbol>
      <symbol id="sm-5f5">
         <name>nwk_freqControl</name>
         <value>0xd95e</value>
         <object_component_ref idref="oc-27f"/>
      </symbol>
      <symbol id="sm-5f6">
         <name>nwk_freqInit</name>
         <value>0xe1e4</value>
         <object_component_ref idref="oc-3fb"/>
      </symbol>
      <symbol id="sm-5f7">
         <name>nwk_scanForChannels</name>
         <value>0xc6f0</value>
         <object_component_ref idref="oc-392"/>
      </symbol>
      <symbol id="sm-5f8">
         <name>nwk_processFreq</name>
         <value>0xdbd8</value>
         <object_component_ref idref="oc-5c9"/>
      </symbol>
      <symbol id="sm-637">
         <name>nwk_radioControl</name>
         <value>0xcd1c</value>
         <object_component_ref idref="oc-26d"/>
      </symbol>
      <symbol id="sm-638">
         <name>nwk_rawSend</name>
         <value>0xd470</value>
         <object_component_ref idref="oc-273"/>
      </symbol>
      <symbol id="sm-639">
         <name>nwk_rawReceive</name>
         <value>0xdc6a</value>
         <object_component_ref idref="oc-279"/>
      </symbol>
      <symbol id="sm-63a">
         <name>nwk_connectionControl</name>
         <value>0xde9a</value>
         <object_component_ref idref="oc-261"/>
      </symbol>
      <symbol id="sm-63b">
         <name>nwk_deviceAddress</name>
         <value>0xdaaa</value>
         <object_component_ref idref="oc-267"/>
      </symbol>
      <symbol id="sm-67e">
         <name>nwk_getJoinToken</name>
         <value>0xe2be</value>
         <object_component_ref idref="oc-243"/>
      </symbol>
      <symbol id="sm-67f">
         <name>nwk_processJoin</name>
         <value>0xe0a2</value>
         <object_component_ref idref="oc-5bd"/>
      </symbol>
      <symbol id="sm-680">
         <name>nwk_setJoinToken</name>
         <value>0xe2f4</value>
         <object_component_ref idref="oc-249"/>
      </symbol>
      <symbol id="sm-681">
         <name>nwk_joinInit</name>
         <value>0xdee6</value>
         <object_component_ref idref="oc-407"/>
      </symbol>
      <symbol id="sm-682">
         <name>nwk_join</name>
         <value>0xc5cc</value>
         <object_component_ref idref="oc-2c0"/>
      </symbol>
      <symbol id="sm-6e2">
         <name>nwk_linkInit</name>
         <value>0xdba6</value>
         <object_component_ref idref="oc-413"/>
      </symbol>
      <symbol id="sm-6e3">
         <name>nwk_setLinkToken</name>
         <value>0xe306</value>
         <object_component_ref idref="oc-23d"/>
      </symbol>
      <symbol id="sm-6e4">
         <name>nwk_getLinkToken</name>
         <value>0xe2d0</value>
         <object_component_ref idref="oc-237"/>
      </symbol>
      <symbol id="sm-6e5">
         <name>nwk_processLink</name>
         <value>0xdf0c</value>
         <object_component_ref idref="oc-5b7"/>
      </symbol>
      <symbol id="sm-702">
         <name>nwk_mgmtInit</name>
         <value>0xe3c2</value>
         <object_component_ref idref="oc-40d"/>
      </symbol>
      <symbol id="sm-703">
         <name>nwk_processMgmt</name>
         <value>0xd9d2</value>
         <object_component_ref idref="oc-5cf"/>
      </symbol>
      <symbol id="sm-730">
         <name>nwk_processPing</name>
         <value>0xde4c</value>
         <object_component_ref idref="oc-5b1"/>
      </symbol>
      <symbol id="sm-731">
         <name>nwk_pingInit</name>
         <value>0xe3cc</value>
         <object_component_ref idref="oc-401"/>
      </symbol>
      <symbol id="sm-744">
         <name>nwk_securityInit</name>
         <value>0xe42e</value>
         <object_component_ref idref="oc-419"/>
      </symbol>
      <symbol id="sm-745">
         <name>nwk_processSecurity</name>
         <value>0xe424</value>
         <object_component_ref idref="oc-5c3"/>
      </symbol>
      <symbol id="sm-74f">
         <name>__mspabi_sral</name>
         <value>0xe328</value>
         <object_component_ref idref="oc-3d6"/>
      </symbol>
      <symbol id="sm-757">
         <name>_stack</name>
         <value>0x3b0</value>
         <object_component_ref idref="oc-f1"/>
      </symbol>
      <symbol id="sm-758">
         <name>_reset_vector</name>
         <value>0xfffe</value>
         <object_component_ref idref="oc-f4"/>
      </symbol>
      <symbol id="sm-762">
         <name>_c_int00_noargs_noexit</name>
         <value>0xe16e</value>
         <object_component_ref idref="oc-6b"/>
      </symbol>
      <symbol id="sm-780">
         <name>__TI_decompress_lzss</name>
         <value>0xd126</value>
         <object_component_ref idref="oc-34"/>
      </symbol>
      <symbol id="sm-796">
         <name>__TI_decompress_none</name>
         <value>0xe29a</value>
         <object_component_ref idref="oc-3a"/>
      </symbol>
      <symbol id="sm-7a9">
         <name>__TI_zero_init</name>
         <value>0xe226</value>
         <object_component_ref idref="oc-4d"/>
      </symbol>
      <symbol id="sm-7b6">
         <name>__mspabi_remi</name>
         <value>0xdd50</value>
         <object_component_ref idref="oc-480"/>
      </symbol>
      <symbol id="sm-7b7">
         <name>__mspabi_divi</name>
         <value>0xdd50</value>
         <object_component_ref idref="oc-480"/>
      </symbol>
      <symbol id="sm-7c1">
         <name>__mspabi_remu</name>
         <value>0xe1fa</value>
         <object_component_ref idref="oc-567"/>
      </symbol>
      <symbol id="sm-7c2">
         <name>__mspabi_divu</name>
         <value>0xe1fa</value>
         <object_component_ref idref="oc-567"/>
      </symbol>
      <symbol id="sm-7d0">
         <name>__mspabi_remul</name>
         <value>0xd3c0</value>
         <object_component_ref idref="oc-3e0"/>
      </symbol>
      <symbol id="sm-7d1">
         <name>__mspabi_divul</name>
         <value>0xd3c0</value>
         <object_component_ref idref="oc-3e0"/>
      </symbol>
      <symbol id="sm-7db">
         <name>__mspabi_func_epilog_2</name>
         <value>0xe342</value>
         <object_component_ref idref="oc-ff"/>
      </symbol>
      <symbol id="sm-7dc">
         <name>__mspabi_func_epilog_3</name>
         <value>0xe340</value>
         <object_component_ref idref="oc-ff"/>
      </symbol>
      <symbol id="sm-7dd">
         <name>__mspabi_func_epilog_1</name>
         <value>0xe344</value>
         <object_component_ref idref="oc-ff"/>
      </symbol>
      <symbol id="sm-7de">
         <name>__mspabi_func_epilog_6</name>
         <value>0xe33a</value>
         <object_component_ref idref="oc-ff"/>
      </symbol>
      <symbol id="sm-7df">
         <name>__mspabi_func_epilog_7</name>
         <value>0xe338</value>
         <object_component_ref idref="oc-ff"/>
      </symbol>
      <symbol id="sm-7e0">
         <name>__mspabi_func_epilog_4</name>
         <value>0xe33e</value>
         <object_component_ref idref="oc-ff"/>
      </symbol>
      <symbol id="sm-7e1">
         <name>__mspabi_func_epilog_5</name>
         <value>0xe33c</value>
         <object_component_ref idref="oc-ff"/>
      </symbol>
      <symbol id="sm-7eb">
         <name>C$$EXIT</name>
         <value>0xe3fc</value>
         <object_component_ref idref="oc-15c"/>
      </symbol>
      <symbol id="sm-7ec">
         <name>abort</name>
         <value>0xe3fc</value>
         <object_component_ref idref="oc-15c"/>
      </symbol>
      <symbol id="sm-7f3">
         <name>__TI_int00</name>
         <value>0xffe0</value>
         <object_component_ref idref="oc-40"/>
      </symbol>
      <symbol id="sm-7f6">
         <name>__TI_int02</name>
         <value>0xffe4</value>
         <object_component_ref idref="oc-41"/>
      </symbol>
      <symbol id="sm-7f9">
         <name>__TI_int06</name>
         <value>0xffec</value>
         <object_component_ref idref="oc-44"/>
      </symbol>
      <symbol id="sm-7fc">
         <name>__TI_int07</name>
         <value>0xffee</value>
         <object_component_ref idref="oc-45"/>
      </symbol>
      <symbol id="sm-7ff">
         <name>__TI_int08</name>
         <value>0xfff0</value>
         <object_component_ref idref="oc-46"/>
      </symbol>
      <symbol id="sm-802">
         <name>__TI_int09</name>
         <value>0xfff2</value>
         <object_component_ref idref="oc-47"/>
      </symbol>
      <symbol id="sm-805">
         <name>__TI_int10</name>
         <value>0xfff4</value>
         <object_component_ref idref="oc-48"/>
      </symbol>
      <symbol id="sm-808">
         <name>__TI_int11</name>
         <value>0xfff6</value>
         <object_component_ref idref="oc-49"/>
      </symbol>
      <symbol id="sm-80b">
         <name>__TI_int12</name>
         <value>0xfff8</value>
         <object_component_ref idref="oc-4a"/>
      </symbol>
      <symbol id="sm-80e">
         <name>__TI_int13</name>
         <value>0xfffa</value>
         <object_component_ref idref="oc-4b"/>
      </symbol>
      <symbol id="sm-811">
         <name>__TI_int14</name>
         <value>0xfffc</value>
         <object_component_ref idref="oc-4c"/>
      </symbol>
      <symbol id="sm-819">
         <name>__TI_ISR_TRAP</name>
         <value>0xe3e6</value>
         <object_component_ref idref="oc-11c"/>
      </symbol>
      <symbol id="sm-821">
         <name>__mspabi_slli</name>
         <value>0xdd7c</value>
         <object_component_ref idref="oc-f5"/>
      </symbol>
      <symbol id="sm-822">
         <name>__mspabi_slli_9</name>
         <value>0xdd94</value>
         <object_component_ref idref="oc-f5"/>
      </symbol>
      <symbol id="sm-823">
         <name>__mspabi_slli_8</name>
         <value>0xdd96</value>
         <object_component_ref idref="oc-f5"/>
      </symbol>
      <symbol id="sm-824">
         <name>__mspabi_slli_7</name>
         <value>0xdd98</value>
         <object_component_ref idref="oc-f5"/>
      </symbol>
      <symbol id="sm-825">
         <name>__mspabi_slli_6</name>
         <value>0xdd9a</value>
         <object_component_ref idref="oc-f5"/>
      </symbol>
      <symbol id="sm-826">
         <name>__mspabi_slli_5</name>
         <value>0xdd9c</value>
         <object_component_ref idref="oc-f5"/>
      </symbol>
      <symbol id="sm-827">
         <name>__mspabi_slli_4</name>
         <value>0xdd9e</value>
         <object_component_ref idref="oc-f5"/>
      </symbol>
      <symbol id="sm-828">
         <name>__mspabi_slli_3</name>
         <value>0xdda0</value>
         <object_component_ref idref="oc-f5"/>
      </symbol>
      <symbol id="sm-829">
         <name>__mspabi_slli_2</name>
         <value>0xdda2</value>
         <object_component_ref idref="oc-f5"/>
      </symbol>
      <symbol id="sm-82a">
         <name>__mspabi_slli_1</name>
         <value>0xdda4</value>
         <object_component_ref idref="oc-f5"/>
      </symbol>
      <symbol id="sm-82b">
         <name>__mspabi_slli_15</name>
         <value>0xdd88</value>
         <object_component_ref idref="oc-f5"/>
      </symbol>
      <symbol id="sm-82c">
         <name>__mspabi_slli_14</name>
         <value>0xdd8a</value>
         <object_component_ref idref="oc-f5"/>
      </symbol>
      <symbol id="sm-82d">
         <name>__mspabi_slli_13</name>
         <value>0xdd8c</value>
         <object_component_ref idref="oc-f5"/>
      </symbol>
      <symbol id="sm-82e">
         <name>__mspabi_slli_12</name>
         <value>0xdd8e</value>
         <object_component_ref idref="oc-f5"/>
      </symbol>
      <symbol id="sm-82f">
         <name>__mspabi_slli_11</name>
         <value>0xdd90</value>
         <object_component_ref idref="oc-f5"/>
      </symbol>
      <symbol id="sm-830">
         <name>__mspabi_slli_10</name>
         <value>0xdd92</value>
         <object_component_ref idref="oc-f5"/>
      </symbol>
      <symbol id="sm-839">
         <name>__mspabi_srli_8</name>
         <value>0xd624</value>
         <object_component_ref idref="oc-fa"/>
      </symbol>
      <symbol id="sm-83a">
         <name>__mspabi_srli_9</name>
         <value>0xd620</value>
         <object_component_ref idref="oc-fa"/>
      </symbol>
      <symbol id="sm-83b">
         <name>__mspabi_srli_6</name>
         <value>0xd62c</value>
         <object_component_ref idref="oc-fa"/>
      </symbol>
      <symbol id="sm-83c">
         <name>__mspabi_srli_7</name>
         <value>0xd628</value>
         <object_component_ref idref="oc-fa"/>
      </symbol>
      <symbol id="sm-83d">
         <name>__mspabi_srli_4</name>
         <value>0xd634</value>
         <object_component_ref idref="oc-fa"/>
      </symbol>
      <symbol id="sm-83e">
         <name>__mspabi_srli_5</name>
         <value>0xd630</value>
         <object_component_ref idref="oc-fa"/>
      </symbol>
      <symbol id="sm-83f">
         <name>__mspabi_srli_2</name>
         <value>0xd63c</value>
         <object_component_ref idref="oc-fa"/>
      </symbol>
      <symbol id="sm-840">
         <name>__mspabi_srli_3</name>
         <value>0xd638</value>
         <object_component_ref idref="oc-fa"/>
      </symbol>
      <symbol id="sm-841">
         <name>__mspabi_srli_1</name>
         <value>0xd640</value>
         <object_component_ref idref="oc-fa"/>
      </symbol>
      <symbol id="sm-842">
         <name>__mspabi_srli</name>
         <value>0xd5fa</value>
         <object_component_ref idref="oc-fa"/>
      </symbol>
      <symbol id="sm-843">
         <name>__mspabi_srli_15</name>
         <value>0xd608</value>
         <object_component_ref idref="oc-fa"/>
      </symbol>
      <symbol id="sm-844">
         <name>__mspabi_srli_14</name>
         <value>0xd60c</value>
         <object_component_ref idref="oc-fa"/>
      </symbol>
      <symbol id="sm-845">
         <name>__mspabi_srli_13</name>
         <value>0xd610</value>
         <object_component_ref idref="oc-fa"/>
      </symbol>
      <symbol id="sm-846">
         <name>__mspabi_srli_12</name>
         <value>0xd614</value>
         <object_component_ref idref="oc-fa"/>
      </symbol>
      <symbol id="sm-847">
         <name>__mspabi_srli_11</name>
         <value>0xd618</value>
         <object_component_ref idref="oc-fa"/>
      </symbol>
      <symbol id="sm-848">
         <name>__mspabi_srli_10</name>
         <value>0xd61c</value>
         <object_component_ref idref="oc-fa"/>
      </symbol>
      <symbol id="sm-859">
         <name>memcmp</name>
         <value>0xdfc0</value>
         <object_component_ref idref="oc-4ec"/>
      </symbol>
      <symbol id="sm-867">
         <name>memcpy</name>
         <value>0xe2ac</value>
         <object_component_ref idref="oc-10f"/>
      </symbol>
      <symbol id="sm-876">
         <name>memmove</name>
         <value>0xe062</value>
         <object_component_ref idref="oc-546"/>
      </symbol>
      <symbol id="sm-884">
         <name>memset</name>
         <value>0xe24e</value>
         <object_component_ref idref="oc-2ea"/>
      </symbol>
      <symbol id="sm-88f">
         <name>__mspabi_mpyi_sw</name>
         <value>0xe262</value>
         <object_component_ref idref="oc-1e9"/>
      </symbol>
      <symbol id="sm-890">
         <name>__mspabi_mpyi</name>
         <value>0xe262</value>
         <object_component_ref idref="oc-1e9"/>
      </symbol>
      <symbol id="sm-89a">
         <name>__mspabi_mpyl_sw</name>
         <value>0xdf32</value>
         <object_component_ref idref="oc-3db"/>
      </symbol>
      <symbol id="sm-89b">
         <name>__mspabi_mpyl</name>
         <value>0xdf32</value>
         <object_component_ref idref="oc-3db"/>
      </symbol>
      <symbol id="sm-8ba">
         <name>_auto_init</name>
         <value>0xd290</value>
         <object_component_ref idref="oc-13a"/>
      </symbol>
      <symbol id="sm-8d0">
         <name>copy_in</name>
         <value>0xd366</value>
         <object_component_ref idref="oc-18d"/>
      </symbol>
      <symbol id="sm-8d9">
         <name>_system_post_cinit</name>
         <value>0xe42c</value>
         <object_component_ref idref="oc-193"/>
      </symbol>
      <symbol id="sm-8dc">
         <name>__TI_BINIT_Base</name>
         <value>0x0</value>
      </symbol>
      <symbol id="sm-8dd">
         <name>__TI_BINIT_Limit</name>
         <value>0x0</value>
      </symbol>
      <symbol id="sm-8de">
         <name>__TI_INITARRAY_Base</name>
         <value>0x0</value>
      </symbol>
      <symbol id="sm-8df">
         <name>__TI_INITARRAY_Limit</name>
         <value>0x0</value>
      </symbol>
   </symbol_table>
   <title>Link successful</title>
</link_info>
