******************************************************************************
                  MSP430 Linker PC v16.9.0                     
******************************************************************************
>> Linked Mon Feb 13 10:47:58 2017

OUTPUT FILE NAME:   <end_to_end.out>
ENTRY POINT SYMBOL: "_c_int00_noargs_noexit"  address: 0000e16e


MEMORY CONFIGURATION

         name            origin    length      used     unused   attr    fill
----------------------  --------  ---------  --------  --------  ----  --------
  SFR                   00000000   00000010  00000000  00000010  RWIX
  PERIPHERALS_8BIT      00000010   000000f0  00000000  000000f0  RWIX
  PERIPHERALS_16BIT     00000100   00000100  00000000  00000100  RWIX
  RAM                   00000200   00000200  00000132  000000ce  RWIX
  INFOD                 00001000   00000040  00000000  00000040  RWIX
  INFOC                 00001040   00000040  00000000  00000040  RWIX
  INFOB                 00001080   00000040  00000000  00000040  RWIX
  INFOA                 000010c0   00000040  00000000  00000040  RWIX
  FLASH                 0000c000   00003fde  000024b5  00001b29  RWIX
  BSLSIGNATURE          0000ffde   00000002  00000002  00000000  RWIX  ffff 
  INT00                 0000ffe0   00000002  00000002  00000000  RWIX
  INT01                 0000ffe2   00000002  00000000  00000002  RWIX
  INT02                 0000ffe4   00000002  00000002  00000000  RWIX
  INT03                 0000ffe6   00000002  00000002  00000000  RWIX
  INT04                 0000ffe8   00000002  00000000  00000002  RWIX
  INT05                 0000ffea   00000002  00000002  00000000  RWIX
  INT06                 0000ffec   00000002  00000002  00000000  RWIX
  INT07                 0000ffee   00000002  00000002  00000000  RWIX
  INT08                 0000fff0   00000002  00000002  00000000  RWIX
  INT09                 0000fff2   00000002  00000002  00000000  RWIX
  INT10                 0000fff4   00000002  00000002  00000000  RWIX
  INT11                 0000fff6   00000002  00000002  00000000  RWIX
  INT12                 0000fff8   00000002  00000002  00000000  RWIX
  INT13                 0000fffa   00000002  00000002  00000000  RWIX
  INT14                 0000fffc   00000002  00000002  00000000  RWIX
  RESET                 0000fffe   00000002  00000002  00000000  RWIX


SECTION ALLOCATION MAP

 output                                  attributes/
section   page    origin      length       input sections
--------  ----  ----------  ----------   ----------------
.bss       0    00000200    0000008b     UNINITIALIZED
                  00000200    00000034     nwk_QMgmt.obj (.bss:sInFrameQ)
                  00000234    00000034     nwk_QMgmt.obj (.bss:sOutFrameQ)
                  00000268    00000018     mrfi.obj (.bss:mrfiIncomingPacket)
                  00000280    00000004     nwk_globals.obj (.bss:sAPAddress)
                  00000284    00000004     nwk_globals.obj (.bss:sMyRAMAddress)
                  00000288    00000002     nwk_link.obj (.bss:sServiceLinkID)
                  0000028a    00000001     nwk_freq.obj (.bss:sCurLogicalChan)

.data      0    0000028c    00000057     UNINITIALIZED
                  0000028c    00000029     nwk.obj (.data:sPersistInfo)
                  000002b5    00000001     bsp.obj (.data)
                  000002b6    00000009     mrfi.obj (.data)
                  000002bf    00000001     nwk_api.obj (.data)
                  000002c0    00000008     nwk_frame.obj (.data)
                  000002c8    00000007     nwk_join.obj (.data)
                  000002cf    00000001     nwk_freq.obj (.data)
                  000002d0    00000007     nwk_link.obj (.data)
                  000002d7    00000001     nwk_globals.obj (.data)
                  000002d8    00000004     mrfi.obj (.data:mrfiRxFilterAddr)
                  000002dc    00000003     main_LinkListen_Static.obj (.data)
                  000002df    00000001     nwk_ping.obj (.data)
                  000002e0    00000003     nwk_mgmt.obj (.data)

.stack     0    000003b0    00000050     UNINITIALIZED
                  000003b0    00000002     rts430_eabi.lib : boot.obj (.stack)
                  000003b2    0000004e     --HOLE--

.text      0    0000c000    00002430     
                  0000c000    000001ca     mrfi.obj (.text:MRFI_Init)
                  0000c1ca    0000019a     nwk_link.obj (.text:smpl_send_link_reply)
                  0000c364    0000013a     nwk_api.obj (.text:SMPL_Ioctl)
                  0000c49e    0000012e     nwk_QMgmt.obj (.text:nwk_QfindOldest)
                  0000c5cc    00000124     nwk_join.obj (.text:nwk_join)
                  0000c6f0    00000116     nwk_freq.obj (.text:nwk_scanForChannels)
                  0000c806    00000108     nwk_api.obj (.text:SMPL_SendOpt)
                  0000c90e    000000f6     mrfi.obj (.text:MRFI_Transmit)
                  0000ca04    000000dc     nwk.obj (.text:nwk_allocateLocalRxPort)
                  0000cae0    000000d8     mrfi.obj (.text:Mrfi_SyncPinRxIsr)
                  0000cbb8    000000b2     nwk_frame.obj (.text:dispatchFrame)
                  0000cc6a    000000b2     nwk_frame.obj (.text:nwk_retrieveFrame)
                  0000cd1c    000000a2     nwk_ioctl.obj (.text:nwk_radioControl)
                  0000cdbe    0000009e     nwk_frame.obj (.text:nwk_buildFrame)
                  0000ce5c    0000009c     nwk_frame.obj (.text:nwk_sendAckReply)
                  0000cef8    0000009a     nwk.obj (.text:nwk_isConnectionValid)
                  0000cf92    0000008c     mrfi.obj (.text:spiBurstFifoAccess)
                  0000d01e    00000086     nwk.obj (.text:nwk_nwkInit)
                  0000d0a4    00000082     nwk_QMgmt.obj (.text:nwk_QfindSlot)
                  0000d126    0000007c     rts430_eabi.lib : copy_decompress_lzss.obj (.text:decompress:lzss:__TI_decompress_lzss)
                  0000d1a2    0000007a     nwk_api.obj (.text:SMPL_Commission)
                  0000d21c    00000074     main_LinkListen_Static.obj (.text:linkFrom)
                  0000d290    0000006e     rts430_eabi.lib : autoinit.obj (.text:_auto_init)
                  0000d2fe    00000068     nwk_link.obj (.text:smpl_send_unlink_reply)
                  0000d366    0000005a     rts430_eabi.lib : cpy_tbl.obj (.text:copy_in)
                  0000d3c0    00000058                     : div32u.obj (.text)
                  0000d418    00000058     main_LinkListen_Static.obj (.text:sRxCallback)
                  0000d470    00000054     nwk_ioctl.obj (.text:nwk_rawSend)
                  0000d4c4    00000050     nwk.obj (.text:nwk_getNextConnection)
                  0000d514    0000004e     mrfi.obj (.text:mrfiSpiCmdStrobe)
                  0000d562    0000004c     nwk_api.obj (.text:SMPL_Receive)
                  0000d5ae    0000004c     nwk.obj (.text:nwk_findPeer)
                  0000d5fa    0000004c     rts430_eabi.lib : lsr16.obj (.text)
                  0000d646    00000048     nwk.obj (.text:nwk_isLinkDuplicate)
                  0000d68e    00000048     mrfi.obj (.text:spiRegAccess)
                  0000d6d6    00000046     mrfi.obj (.text:MRFI_RxAddrIsFiltered)
                  0000d71c    00000046     nwk_ping.obj (.text:smpl_send_ping_reply)
                  0000d762    00000044     mrfi.obj (.text:MRFI_Rssi)
                  0000d7a6    00000042     nwk_api.obj (.text:SMPL_Init)
                  0000d7e8    00000042     mrfi.obj (.text:mrfiSpiInit)
                  0000d82a    00000040     nwk_freq.obj (.text:change_channel_cmd_is_valid)
                  0000d86a    0000003e     nwk.obj (.text:initializeConnection)
                  0000d8a8    0000003e     main_LinkListen_Static.obj (.text:main)
                  0000d8e6    0000003c     mrfi.obj (.text:MRFI_ReplyDelay)
                  0000d922    0000003c     nwk.obj (.text:nwk_putNumObjectIntoMsg)
                  0000d95e    0000003a     nwk_freq.obj (.text:nwk_freqControl)
                  0000d998    0000003a     nwk.obj (.text:nwk_isValidReply)
                  0000d9d2    0000003a     nwk_mgmt.obj (.text:nwk_processMgmt)
                  0000da0c    00000036     mrfi.obj (.text:MRFI_WakeUp)
                  0000da42    00000034     mrfi.obj (.text:MRFI_SetRFPwr)
                  0000da76    00000034     mrfi.obj (.text:MRFI_SetRxAddrFilter)
                  0000daaa    00000034     nwk_ioctl.obj (.text:nwk_deviceAddress)
                  0000dade    00000032     mrfi.obj (.text:MRFI_SetLogicalChannel)
                  0000db10    00000032     nwk_freq.obj (.text:handle_freq_cmd)
                  0000db42    00000032     nwk_QMgmt.obj (.text:nwk_QadjustOrder)
                  0000db74    00000032     nwk.obj (.text:nwk_getConnInfo)
                  0000dba6    00000032     nwk_link.obj (.text:nwk_linkInit)
                  0000dbd8    00000032     nwk_freq.obj (.text:nwk_processFreq)
                  0000dc0a    00000030     mrfi.obj (.text:Mrfi_DelayUsecSem)
                  0000dc3a    00000030     nwk.obj (.text:map_lid2idx)
                  0000dc6a    00000030     nwk_ioctl.obj (.text:nwk_rawReceive)
                  0000dc9a    00000030     nwk_frame.obj (.text:nwk_sendFrame)
                  0000dcca    0000002e     mrfi.obj (.text:Mrfi_CalculateRssi)
                  0000dcf8    0000002c     nwk_link.obj (.text:handleLinkRequest)
                  0000dd24    0000002c     nwk_frame.obj (.text:nwk_buildAckReqFrame)
                  0000dd50    0000002c     rts430_eabi.lib : div16s.obj (.text)
                  0000dd7c    0000002c                     : lsl16.obj (.text)
                  0000dda8    0000002a     mrfi.obj (.text:Mrfi_DelayUsec)
                  0000ddd2    0000002a     nwk.obj (.text:nwk_checkConnInfo)
                  0000ddfc    00000028     mrfi.obj (.text:Mrfi_RxModeOff)
                  0000de24    00000028     nwk_globals.obj (.text:nwk_getAPAddress)
                  0000de4c    00000028     nwk_ping.obj (.text:nwk_processPing)
                  0000de74    00000026     mrfi.obj (.text:Mrfi_RandomBackoffDelay)
                  0000de9a    00000026     nwk_ioctl.obj (.text:nwk_connectionControl)
                  0000dec0    00000026     nwk_globals.obj (.text:nwk_globalsInit)
                  0000dee6    00000026     nwk_join.obj (.text:nwk_joinInit)
                  0000df0c    00000026     nwk_link.obj (.text:nwk_processLink)
                  0000df32    00000026     rts430_eabi.lib : mult32.obj (.text)
                  0000df58    00000024     mrfi.obj (.text:MRFI_Sleep)
                  0000df7c    00000022     mrfi.obj (.text:MRFI_EnableRxAddrFilter)
                  0000df9e    00000022     mrfi.obj (.text:MRFI_RxOn)
                  0000dfc0    00000022     rts430_eabi.lib : memcmp.obj (.text:memcmp)
                  0000dfe2    00000020     bsp.obj (.text:BSP_Init)
                  0000e002    00000020     bsp.obj (.text:BSP_InitBoard)
                  0000e022    00000020     nwk_frame.obj (.text:MRFI_RxCompleteISR)
                  0000e042    00000020     mrfi.obj (.text:MRFI_RxIdle)
                  0000e062    00000020     rts430_eabi.lib : memmov.obj (.text:memmove)
                  0000e082    00000020     nwk_frame.obj (.text:nwk_frameInit)
                  0000e0a2    00000020     nwk_join.obj (.text:nwk_processJoin)
                  0000e0c2    0000001e     bsp.obj (.text:BSP_Delay)
                  0000e0e0    0000001e     mrfi.obj (.text:mrfiSpiReadReg)
                  0000e0fe    0000001e     nwk_QMgmt.obj (.text:nwk_QInit)
                  0000e11c    0000001c     nwk_freq.obj (.text:nwk_setChannel)
                  0000e138    0000001c     nwk_globals.obj (.text:nwk_setMyAddress)
                  0000e154    0000001a     mrfi.obj (.text:BSP_GpioPort1Isr)
                  0000e16e    0000001a     rts430_eabi.lib : boot_special.obj (.text:_c_int00_noargs_noexit)
                  0000e188    0000001a     mrfi.obj (.text:mrfiSpiWriteReg)
                  0000e1a2    00000016     bsp.obj (.text:BSP_InitLeds)
                  0000e1b8    00000016     mrfi.obj (.text:MRFI_GpioIsr)
                  0000e1ce    00000016     mrfi.obj (.text:MRFI_RandomByte)
                  0000e1e4    00000016     nwk_freq.obj (.text:nwk_freqInit)
                  0000e1fa    00000016     rts430_eabi.lib : div16u.obj (.text)
                  0000e210    00000016     main_LinkListen_Static.obj (.text:toggleLED)
                  0000e226    00000014     rts430_eabi.lib : copy_zero_init.obj (.text:decompress:ZI:__TI_zero_init)
                  0000e23a    00000014     nwk_api.obj (.text:ioctlPreInitAccessIsOK)
                  0000e24e    00000014     rts430_eabi.lib : memset.obj (.text:memset)
                  0000e262    00000014                     : mult16.obj (.text)
                  0000e276    00000012     mrfi.obj (.text:Mrfi_RxModeOn)
                  0000e288    00000012     nwk_freq.obj (.text:change_channel_cmd)
                  0000e29a    00000012     rts430_eabi.lib : copy_decompress_none.obj (.text:decompress:none:__TI_decompress_none)
                  0000e2ac    00000012                     : memcpy.obj (.text:memcpy)
                  0000e2be    00000012     nwk_join.obj (.text:nwk_getJoinToken)
                  0000e2d0    00000012     nwk_link.obj (.text:nwk_getLinkToken)
                  0000e2e2    00000012     nwk_globals.obj (.text:nwk_getMyAddress)
                  0000e2f4    00000012     nwk_join.obj (.text:nwk_setJoinToken)
                  0000e306    00000012     nwk_link.obj (.text:nwk_setLinkToken)
                  0000e318    00000010     LM35.obj (.text:init_lm35)
                  0000e328    00000010     rts430_eabi.lib : asr32.obj (.text:l_asr)
                  0000e338    00000010                     : epilog.obj (.text)
                  0000e348    0000000e     mrfi.obj (.text:MRFI_Receive)
                  0000e356    0000000e     mrfi.obj (.text:mrfiSpiWriteTxFifo)
                  0000e364    0000000e     nwk.obj (.text:nwk_getNumObjectFromMsg)
                  0000e372    0000000e     nwk_globals.obj (.text:nwk_setAPAddress)
                  0000e380    0000000c     mrfi.obj (.text:MRFI_PostKillSem)
                  0000e38c    0000000c     nwk_ping.obj (.text:handlePingRequest)
                  0000e398    0000000c     mrfi.obj (.text:mrfiSpiReadRxFifo)
                  0000e3a4    0000000a     bsp.obj (.text:BSP_InitButtons)
                  0000e3ae    0000000a     bsp.obj (.text:BSP_InitDrivers)
                  0000e3b8    0000000a     bsp.obj (.text:_system_pre_init)
                  0000e3c2    0000000a     nwk_mgmt.obj (.text:nwk_mgmtInit)
                  0000e3cc    0000000a     nwk_ping.obj (.text:nwk_pingInit)
                  0000e3d6    00000008     LM35.obj (.text:ADC10_ISR)
                  0000e3de    00000008     nwk_api.obj (.text:SMPL_Send)
                  0000e3e6    00000008     rts430_eabi.lib : isr_trap.obj (.text:_isr:__TI_ISR_TRAP)
                  0000e3ee    00000008     nwk_freq.obj (.text:nwk_getChannel)
                  0000e3f6    00000006     mrfi.obj (.text:MRFI_GetRadioState)
                  0000e3fc    00000006     rts430_eabi.lib : exit.obj (.text:abort)
                  0000e402    00000006     nwk.obj (.text:nwk_freeConnection)
                  0000e408    00000006     nwk_globals.obj (.text:nwk_getBCastAddress)
                  0000e40e    00000006     nwk_globals.obj (.text:nwk_getFWVersion)
                  0000e414    00000006     nwk_frame.obj (.text:nwk_getMyRxType)
                  0000e41a    00000006     nwk_globals.obj (.text:nwk_getProtocolVersion)
                  0000e420    00000004     nwk.obj (.text:nwk_NVObj)
                  0000e424    00000004     nwk_security.obj (.text:nwk_processSecurity)
                  0000e428    00000004     nwk_freq.obj (.text:send_ping_reply)
                  0000e42c    00000002     rts430_eabi.lib : startup.obj (.text:_system_post_cinit)
                  0000e42e    00000002     nwk_security.obj (.text:nwk_securityInit)

.binit     0    0000c000    00000000     

.const     0    0000e430    00000067     
                  0000e430    0000003e     mrfi.obj (.const:mrfiRadioCfg)
                  0000e46e    0000000c     nwk_frame.obj (.const:func)
                  0000e47a    00000005     nwk_globals.obj (.const:sVersionInfo)
                  0000e47f    00000001     --HOLE-- [fill = 0]
                  0000e480    00000004     mrfi.obj (.const:.string:mrfiBroadcastAddr)
                  0000e484    00000004     mrfi.obj (.const:.string:mrfiLogicalChanTable)
                  0000e488    00000004     main_LinkListen_Static.obj (.const:linkListenAddr)
                  0000e48c    00000004     main_LinkListen_Static.obj (.const:linkToAddr)
                  0000e490    00000004     nwk_globals.obj (.const:sMyROMAddress)
                  0000e494    00000003     mrfi.obj (.const:.string:mrfiRFPowerTable)

.cinit     0    0000e498    0000001e     
                  0000e498    0000000c     (.cinit..data.load) [load image, compression = lzss]
                  0000e4a4    00000006     (__TI_handler_table)
                  0000e4aa    00000004     (.cinit..bss.load) [load image, compression = zero_init]
                  0000e4ae    00000008     (__TI_cinit_table)

.init_array 
*          0    0000c000    00000000     UNINITIALIZED

TRAPINT    0    0000ffe0    00000002     
                  0000ffe0    00000002     rts430_eabi.lib : int00.obj (.int00)

PORT1      0    0000ffe4    00000002     
                  0000ffe4    00000002     rts430_eabi.lib : int02.obj (.int02)

PORT2      0    0000ffe6    00000002     
                  0000ffe6    00000002     mrfi.obj (.int03)

$fill000   0    0000ffde    00000002     
                  0000ffde    00000002     --HOLE-- [fill = ffff]

ADC10      0    0000ffea    00000002     
                  0000ffea    00000002     LM35.obj (.int05)

USCIAB0TX 
*          0    0000ffec    00000002     
                  0000ffec    00000002     rts430_eabi.lib : int06.obj (.int06)

USCIAB0RX 
*          0    0000ffee    00000002     
                  0000ffee    00000002     rts430_eabi.lib : int07.obj (.int07)

TIMER0_A1 
*          0    0000fff0    00000002     
                  0000fff0    00000002     rts430_eabi.lib : int08.obj (.int08)

TIMER0_A0 
*          0    0000fff2    00000002     
                  0000fff2    00000002     rts430_eabi.lib : int09.obj (.int09)

WDT        0    0000fff4    00000002     
                  0000fff4    00000002     rts430_eabi.lib : int10.obj (.int10)

COMPARATORA 
*          0    0000fff6    00000002     
                  0000fff6    00000002     rts430_eabi.lib : int11.obj (.int11)

TIMER1_A1 
*          0    0000fff8    00000002     
                  0000fff8    00000002     rts430_eabi.lib : int12.obj (.int12)

TIMER1_A0 
*          0    0000fffa    00000002     
                  0000fffa    00000002     rts430_eabi.lib : int13.obj (.int13)

NMI        0    0000fffc    00000002     
                  0000fffc    00000002     rts430_eabi.lib : int14.obj (.int14)

.reset     0    0000fffe    00000002     
                  0000fffe    00000002     rts430_eabi.lib : boot.obj (.reset)

MODULE SUMMARY

       Module                       code   ro data   rw data
       ------                       ----   -------   -------
    .\
       main_LinkListen_Static.obj   288    8         3      
       LM35.obj                     24     2         0      
    +--+----------------------------+------+---------+---------+
       Total:                       312    10        3      
                                                            
    .\Components\bsp\
       bsp.obj                      146    0         1      
    +--+----------------------------+------+---------+---------+
       Total:                       146    0         1      
                                                            
    .\Components\mrfi\
       mrfi.obj                     2234   75        37     
    +--+----------------------------+------+---------+---------+
       Total:                       2234   75        37     
                                                            
    .\Components\simpliciti\nwk\
       nwk.obj                      1080   0         41     
       nwk_api.obj                  870    0         1      
       nwk_frame.obj                832    12        8      
       nwk_QMgmt.obj                512    0         104    
       nwk_globals.obj              156    9         9      
    +--+----------------------------+------+---------+---------+
       Total:                       3450   21        163    
                                                            
    .\Components\simpliciti\nwk_applications\
       nwk_link.obj                 682    0         9      
       nwk_freq.obj                 580    0         2      
       nwk_join.obj                 398    0         7      
       nwk_ioctl.obj                384    0         0      
       nwk_ping.obj                 132    0         1      
       nwk_mgmt.obj                 68     0         3      
       nwk_security.obj             6      0         0      
    +--+----------------------------+------+---------+---------+
       Total:                       2250   0         22     
                                                            
    C:\ti\ccsv7\tools\compiler\ti-cgt-msp430_16.9.0.LTS\lib\rts430_eabi.lib
       copy_decompress_lzss.obj     124    0         0      
       autoinit.obj                 110    0         0      
       cpy_tbl.obj                  90     0         0      
       div32u.obj                   88     0         0      
       lsr16.obj                    76     0         0      
       div16s.obj                   44     0         0      
       lsl16.obj                    44     0         0      
       mult32.obj                   38     0         0      
       memcmp.obj                   34     0         0      
       memmov.obj                   32     0         0      
       boot_special.obj             26     0         0      
       div16u.obj                   22     0         0      
       copy_zero_init.obj           20     0         0      
       memset.obj                   20     0         0      
       mult16.obj                   20     0         0      
       copy_decompress_none.obj     18     0         0      
       memcpy.obj                   18     0         0      
       asr32.obj                    16     0         0      
       epilog.obj                   16     0         0      
       isr_trap.obj                 8      0         0      
       exit.obj                     6      0         0      
       boot.obj                     0      2         0      
       int00.obj                    0      2         0      
       int02.obj                    0      2         0      
       int06.obj                    0      2         0      
       int07.obj                    0      2         0      
       int08.obj                    0      2         0      
       int09.obj                    0      2         0      
       int10.obj                    0      2         0      
       int11.obj                    0      2         0      
       int12.obj                    0      2         0      
       int13.obj                    0      2         0      
       int14.obj                    0      2         0      
       startup.obj                  2      0         0      
    +--+----------------------------+------+---------+---------+
       Total:                       872    24        0      
                                                            
       Stack:                       0      0         80     
       Linker Generated:            0      30        0      
    +--+----------------------------+------+---------+---------+
       Grand Total:                 9264   160       306    


LINKER GENERATED COPY TABLES

__TI_cinit_table @ 0000e4ae records: 2, size/record: 4, table size: 8
	.data: load addr=0000e498, load size=0000000c bytes, run addr=0000028c, run size=00000057 bytes, compression=lzss
	.bss: load addr=0000e4aa, load size=00000004 bytes, run addr=00000200, run size=0000008b bytes, compression=zero_init


LINKER GENERATED HANDLER TABLE

__TI_handler_table @ 0000e4a4 records: 3, size/record: 2, table size: 6
	index: 0, handler: __TI_zero_init
	index: 1, handler: __TI_decompress_lzss
	index: 2, handler: __TI_decompress_none


GLOBAL SYMBOLS: SORTED ALPHABETICALLY BY Name 

address   name                    
-------   ----                    
0000004a  ADC10AE0                
000001b0  ADC10CTL0               
000001b2  ADC10CTL1               
00000048  ADC10DTC0               
00000049  ADC10DTC1               
000001b4  ADC10MEM                
000001bc  ADC10SA                 
0000e3d6  ADC10_ISR               
00000057  BCSCTL1                 
00000058  BCSCTL2                 
00000053  BCSCTL3                 
0000e0c2  BSP_Delay               
0000e154  BSP_GpioPort1Isr        
0000dfe2  BSP_Init                
0000e002  BSP_InitBoard           
0000e3a4  BSP_InitButtons         
0000e3ae  BSP_InitDrivers         
0000e1a2  BSP_InitLeds            
0000e3fc  C$$EXIT                 
00000059  CACTL1                  
0000005a  CACTL2                  
000010fb  CALBC1_12MHZ            
000010f9  CALBC1_16MHZ            
000010ff  CALBC1_1MHZ             
000010fd  CALBC1_8MHZ             
000010fa  CALDCO_12MHZ            
000010f8  CALDCO_16MHZ            
000010fe  CALDCO_1MHZ             
000010fc  CALDCO_8MHZ             
0000005b  CAPD                    
00000056  DCOCTL                  
00000128  FCTL1                   
0000012a  FCTL2                   
0000012c  FCTL3                   
00000000  IE1                     
00000001  IE2                     
00000002  IFG1                    
00000003  IFG2                    
0000df7c  MRFI_EnableRxAddrFilter 
0000e3f6  MRFI_GetRadioState      
0000e1b8  MRFI_GpioIsr            
0000c000  MRFI_Init               
0000e380  MRFI_PostKillSem        
0000e1ce  MRFI_RandomByte         
0000e348  MRFI_Receive            
0000d8e6  MRFI_ReplyDelay         
0000d762  MRFI_Rssi               
0000d6d6  MRFI_RxAddrIsFiltered   
0000e022  MRFI_RxCompleteISR      
0000e042  MRFI_RxIdle             
0000df9e  MRFI_RxOn               
0000dade  MRFI_SetLogicalChannel  
0000da42  MRFI_SetRFPwr           
0000da76  MRFI_SetRxAddrFilter    
0000df58  MRFI_Sleep              
0000c90e  MRFI_Transmit           
0000da0c  MRFI_WakeUp             
00000022  P1DIR                   
00000025  P1IE                    
00000024  P1IES                   
00000023  P1IFG                   
00000020  P1IN                    
00000021  P1OUT                   
00000027  P1REN                   
00000026  P1SEL                   
00000041  P1SEL2                  
0000002a  P2DIR                   
0000002d  P2IE                    
0000002c  P2IES                   
0000002b  P2IFG                   
00000028  P2IN                    
00000029  P2OUT                   
0000002f  P2REN                   
0000002e  P2SEL                   
00000042  P2SEL2                  
0000001a  P3DIR                   
00000018  P3IN                    
00000019  P3OUT                   
00000010  P3REN                   
0000001b  P3SEL                   
00000043  P3SEL2                  
0000d1a2  SMPL_Commission         
0000d7a6  SMPL_Init               
0000c364  SMPL_Ioctl              
0000d562  SMPL_Receive            
0000e3de  SMPL_Send               
0000c806  SMPL_SendOpt            
00000172  TA0CCR0                 
00000174  TA0CCR1                 
00000176  TA0CCR2                 
00000162  TA0CCTL0                
00000164  TA0CCTL1                
00000166  TA0CCTL2                
00000160  TA0CTL                  
0000012e  TA0IV                   
00000170  TA0R                    
00000192  TA1CCR0                 
00000194  TA1CCR1                 
00000196  TA1CCR2                 
00000182  TA1CCTL0                
00000184  TA1CCTL1                
00000186  TA1CCTL2                
00000180  TA1CTL                  
0000011e  TA1IV                   
00000190  TA1R                    
000010db  TLV_ADC10_1_LEN         
000010da  TLV_ADC10_1_TAG         
000010c0  TLV_CHECKSUM            
000010f7  TLV_DCO_30_LEN          
000010f6  TLV_DCO_30_TAG          
0000005d  UCA0ABCTL               
00000062  UCA0BR0                 
00000063  UCA0BR1                 
00000060  UCA0CTL0                
00000061  UCA0CTL1                
0000005f  UCA0IRRCTL              
0000005e  UCA0IRTCTL              
00000064  UCA0MCTL                
00000066  UCA0RXBUF               
00000065  UCA0STAT                
00000067  UCA0TXBUF               
0000006a  UCB0BR0                 
0000006b  UCB0BR1                 
00000068  UCB0CTL0                
00000069  UCB0CTL1                
0000006c  UCB0I2CIE               
00000118  UCB0I2COA               
0000011a  UCB0I2CSA               
0000006e  UCB0RXBUF               
0000006d  UCB0STAT                
0000006f  UCB0TXBUF               
00000120  WDTCTL                  
00000400  __STACK_END             
00000050  __STACK_SIZE            
UNDEFED   __TI_BINIT_Base         
UNDEFED   __TI_BINIT_Limit        
0000e4ae  __TI_CINIT_Base         
0000e4b6  __TI_CINIT_Limit        
0000e4a4  __TI_Handler_Table_Base 
0000e4aa  __TI_Handler_Table_Limit
UNDEFED   __TI_INITARRAY_Base     
UNDEFED   __TI_INITARRAY_Limit    
0000e3e6  __TI_ISR_TRAP           
0000d126  __TI_decompress_lzss    
0000e29a  __TI_decompress_none    
0000ffe0  __TI_int00              
0000ffe4  __TI_int02              
0000ffe6  __TI_int03              
0000ffea  __TI_int05              
0000ffec  __TI_int06              
0000ffee  __TI_int07              
0000fff0  __TI_int08              
0000fff2  __TI_int09              
0000fff4  __TI_int10              
0000fff6  __TI_int11              
0000fff8  __TI_int12              
0000fffa  __TI_int13              
0000fffc  __TI_int14              
ffffffff  __TI_pprof_out_hndl     
ffffffff  __TI_prof_data_size     
ffffffff  __TI_prof_data_start    
0000e226  __TI_zero_init          
ffffffff  __c_args__              
0000dd50  __mspabi_divi           
0000e1fa  __mspabi_divu           
0000d3c0  __mspabi_divul          
0000e344  __mspabi_func_epilog_1  
0000e342  __mspabi_func_epilog_2  
0000e340  __mspabi_func_epilog_3  
0000e33e  __mspabi_func_epilog_4  
0000e33c  __mspabi_func_epilog_5  
0000e33a  __mspabi_func_epilog_6  
0000e338  __mspabi_func_epilog_7  
0000e262  __mspabi_mpyi           
0000e262  __mspabi_mpyi_sw        
0000df32  __mspabi_mpyl           
0000df32  __mspabi_mpyl_sw        
0000dd50  __mspabi_remi           
0000e1fa  __mspabi_remu           
0000d3c0  __mspabi_remul          
0000dd7c  __mspabi_slli           
0000dda4  __mspabi_slli_1         
0000dd92  __mspabi_slli_10        
0000dd90  __mspabi_slli_11        
0000dd8e  __mspabi_slli_12        
0000dd8c  __mspabi_slli_13        
0000dd8a  __mspabi_slli_14        
0000dd88  __mspabi_slli_15        
0000dda2  __mspabi_slli_2         
0000dda0  __mspabi_slli_3         
0000dd9e  __mspabi_slli_4         
0000dd9c  __mspabi_slli_5         
0000dd9a  __mspabi_slli_6         
0000dd98  __mspabi_slli_7         
0000dd96  __mspabi_slli_8         
0000dd94  __mspabi_slli_9         
0000e328  __mspabi_sral           
0000d5fa  __mspabi_srli           
0000d640  __mspabi_srli_1         
0000d61c  __mspabi_srli_10        
0000d618  __mspabi_srli_11        
0000d614  __mspabi_srli_12        
0000d610  __mspabi_srli_13        
0000d60c  __mspabi_srli_14        
0000d608  __mspabi_srli_15        
0000d63c  __mspabi_srli_2         
0000d638  __mspabi_srli_3         
0000d634  __mspabi_srli_4         
0000d630  __mspabi_srli_5         
0000d62c  __mspabi_srli_6         
0000d628  __mspabi_srli_7         
0000d624  __mspabi_srli_8         
0000d620  __mspabi_srli_9         
0000d290  _auto_init              
0000e16e  _c_int00_noargs_noexit  
0000fffe  _reset_vector           
000003b0  _stack                  
0000e42c  _system_post_cinit      
0000e3b8  _system_pre_init        
0000e3fc  abort                   
0000d366  copy_in                 
0000e318  init_lm35               
0000e488  linkListenAddr          
0000e48c  linkToAddr              
0000d8a8  main                    
0000dfc0  memcmp                  
0000e2ac  memcpy                  
0000e062  memmove                 
0000e24e  memset                  
0000e480  mrfiBroadcastAddr       
0000d514  mrfiSpiCmdStrobe        
0000d7e8  mrfiSpiInit             
0000e0e0  mrfiSpiReadReg          
0000e398  mrfiSpiReadRxFifo       
0000e188  mrfiSpiWriteReg         
0000e356  mrfiSpiWriteTxFifo      
0000e420  nwk_NVObj               
0000e0fe  nwk_QInit               
0000db42  nwk_QadjustOrder        
0000c49e  nwk_QfindOldest         
0000d0a4  nwk_QfindSlot           
0000ca04  nwk_allocateLocalRxPort 
0000dd24  nwk_buildAckReqFrame    
0000cdbe  nwk_buildFrame          
0000ddd2  nwk_checkConnInfo       
0000de9a  nwk_connectionControl   
0000daaa  nwk_deviceAddress       
0000d5ae  nwk_findPeer            
0000e082  nwk_frameInit           
0000e402  nwk_freeConnection      
0000d95e  nwk_freqControl         
0000e1e4  nwk_freqInit            
0000de24  nwk_getAPAddress        
0000e408  nwk_getBCastAddress     
0000e3ee  nwk_getChannel          
0000db74  nwk_getConnInfo         
0000e40e  nwk_getFWVersion        
0000e2be  nwk_getJoinToken        
0000e2d0  nwk_getLinkToken        
0000e2e2  nwk_getMyAddress        
0000e414  nwk_getMyRxType         
0000d4c4  nwk_getNextConnection   
0000e364  nwk_getNumObjectFromMsg 
0000e41a  nwk_getProtocolVersion  
0000dec0  nwk_globalsInit         
0000cef8  nwk_isConnectionValid   
0000d646  nwk_isLinkDuplicate     
0000d998  nwk_isValidReply        
0000c5cc  nwk_join                
0000dee6  nwk_joinInit            
0000dba6  nwk_linkInit            
0000e3c2  nwk_mgmtInit            
0000d01e  nwk_nwkInit             
0000e3cc  nwk_pingInit            
0000dbd8  nwk_processFreq         
0000e0a2  nwk_processJoin         
0000df0c  nwk_processLink         
0000d9d2  nwk_processMgmt         
0000de4c  nwk_processPing         
0000e424  nwk_processSecurity     
0000d922  nwk_putNumObjectIntoMsg 
0000cd1c  nwk_radioControl        
0000dc6a  nwk_rawReceive          
0000d470  nwk_rawSend             
0000cc6a  nwk_retrieveFrame       
0000c6f0  nwk_scanForChannels     
0000e42e  nwk_securityInit        
0000ce5c  nwk_sendAckReply        
0000dc9a  nwk_sendFrame           
0000e372  nwk_setAPAddress        
0000e11c  nwk_setChannel          
0000e2f4  nwk_setJoinToken        
0000e306  nwk_setLinkToken        
0000e138  nwk_setMyAddress        
0000e210  toggleLED               


GLOBAL SYMBOLS: SORTED BY Symbol Address 

address   name                    
-------   ----                    
00000000  IE1                     
00000001  IE2                     
00000002  IFG1                    
00000003  IFG2                    
00000010  P3REN                   
00000018  P3IN                    
00000019  P3OUT                   
0000001a  P3DIR                   
0000001b  P3SEL                   
00000020  P1IN                    
00000021  P1OUT                   
00000022  P1DIR                   
00000023  P1IFG                   
00000024  P1IES                   
00000025  P1IE                    
00000026  P1SEL                   
00000027  P1REN                   
00000028  P2IN                    
00000029  P2OUT                   
0000002a  P2DIR                   
0000002b  P2IFG                   
0000002c  P2IES                   
0000002d  P2IE                    
0000002e  P2SEL                   
0000002f  P2REN                   
00000041  P1SEL2                  
00000042  P2SEL2                  
00000043  P3SEL2                  
00000048  ADC10DTC0               
00000049  ADC10DTC1               
0000004a  ADC10AE0                
00000050  __STACK_SIZE            
00000053  BCSCTL3                 
00000056  DCOCTL                  
00000057  BCSCTL1                 
00000058  BCSCTL2                 
00000059  CACTL1                  
0000005a  CACTL2                  
0000005b  CAPD                    
0000005d  UCA0ABCTL               
0000005e  UCA0IRTCTL              
0000005f  UCA0IRRCTL              
00000060  UCA0CTL0                
00000061  UCA0CTL1                
00000062  UCA0BR0                 
00000063  UCA0BR1                 
00000064  UCA0MCTL                
00000065  UCA0STAT                
00000066  UCA0RXBUF               
00000067  UCA0TXBUF               
00000068  UCB0CTL0                
00000069  UCB0CTL1                
0000006a  UCB0BR0                 
0000006b  UCB0BR1                 
0000006c  UCB0I2CIE               
0000006d  UCB0STAT                
0000006e  UCB0RXBUF               
0000006f  UCB0TXBUF               
00000118  UCB0I2COA               
0000011a  UCB0I2CSA               
0000011e  TA1IV                   
00000120  WDTCTL                  
00000128  FCTL1                   
0000012a  FCTL2                   
0000012c  FCTL3                   
0000012e  TA0IV                   
00000160  TA0CTL                  
00000162  TA0CCTL0                
00000164  TA0CCTL1                
00000166  TA0CCTL2                
00000170  TA0R                    
00000172  TA0CCR0                 
00000174  TA0CCR1                 
00000176  TA0CCR2                 
00000180  TA1CTL                  
00000182  TA1CCTL0                
00000184  TA1CCTL1                
00000186  TA1CCTL2                
00000190  TA1R                    
00000192  TA1CCR0                 
00000194  TA1CCR1                 
00000196  TA1CCR2                 
000001b0  ADC10CTL0               
000001b2  ADC10CTL1               
000001b4  ADC10MEM                
000001bc  ADC10SA                 
000003b0  _stack                  
00000400  __STACK_END             
000010c0  TLV_CHECKSUM            
000010da  TLV_ADC10_1_TAG         
000010db  TLV_ADC10_1_LEN         
000010f6  TLV_DCO_30_TAG          
000010f7  TLV_DCO_30_LEN          
000010f8  CALDCO_16MHZ            
000010f9  CALBC1_16MHZ            
000010fa  CALDCO_12MHZ            
000010fb  CALBC1_12MHZ            
000010fc  CALDCO_8MHZ             
000010fd  CALBC1_8MHZ             
000010fe  CALDCO_1MHZ             
000010ff  CALBC1_1MHZ             
0000c000  MRFI_Init               
0000c364  SMPL_Ioctl              
0000c49e  nwk_QfindOldest         
0000c5cc  nwk_join                
0000c6f0  nwk_scanForChannels     
0000c806  SMPL_SendOpt            
0000c90e  MRFI_Transmit           
0000ca04  nwk_allocateLocalRxPort 
0000cc6a  nwk_retrieveFrame       
0000cd1c  nwk_radioControl        
0000cdbe  nwk_buildFrame          
0000ce5c  nwk_sendAckReply        
0000cef8  nwk_isConnectionValid   
0000d01e  nwk_nwkInit             
0000d0a4  nwk_QfindSlot           
0000d126  __TI_decompress_lzss    
0000d1a2  SMPL_Commission         
0000d290  _auto_init              
0000d366  copy_in                 
0000d3c0  __mspabi_divul          
0000d3c0  __mspabi_remul          
0000d470  nwk_rawSend             
0000d4c4  nwk_getNextConnection   
0000d514  mrfiSpiCmdStrobe        
0000d562  SMPL_Receive            
0000d5ae  nwk_findPeer            
0000d5fa  __mspabi_srli           
0000d608  __mspabi_srli_15        
0000d60c  __mspabi_srli_14        
0000d610  __mspabi_srli_13        
0000d614  __mspabi_srli_12        
0000d618  __mspabi_srli_11        
0000d61c  __mspabi_srli_10        
0000d620  __mspabi_srli_9         
0000d624  __mspabi_srli_8         
0000d628  __mspabi_srli_7         
0000d62c  __mspabi_srli_6         
0000d630  __mspabi_srli_5         
0000d634  __mspabi_srli_4         
0000d638  __mspabi_srli_3         
0000d63c  __mspabi_srli_2         
0000d640  __mspabi_srli_1         
0000d646  nwk_isLinkDuplicate     
0000d6d6  MRFI_RxAddrIsFiltered   
0000d762  MRFI_Rssi               
0000d7a6  SMPL_Init               
0000d7e8  mrfiSpiInit             
0000d8a8  main                    
0000d8e6  MRFI_ReplyDelay         
0000d922  nwk_putNumObjectIntoMsg 
0000d95e  nwk_freqControl         
0000d998  nwk_isValidReply        
0000d9d2  nwk_processMgmt         
0000da0c  MRFI_WakeUp             
0000da42  MRFI_SetRFPwr           
0000da76  MRFI_SetRxAddrFilter    
0000daaa  nwk_deviceAddress       
0000dade  MRFI_SetLogicalChannel  
0000db42  nwk_QadjustOrder        
0000db74  nwk_getConnInfo         
0000dba6  nwk_linkInit            
0000dbd8  nwk_processFreq         
0000dc6a  nwk_rawReceive          
0000dc9a  nwk_sendFrame           
0000dd24  nwk_buildAckReqFrame    
0000dd50  __mspabi_divi           
0000dd50  __mspabi_remi           
0000dd7c  __mspabi_slli           
0000dd88  __mspabi_slli_15        
0000dd8a  __mspabi_slli_14        
0000dd8c  __mspabi_slli_13        
0000dd8e  __mspabi_slli_12        
0000dd90  __mspabi_slli_11        
0000dd92  __mspabi_slli_10        
0000dd94  __mspabi_slli_9         
0000dd96  __mspabi_slli_8         
0000dd98  __mspabi_slli_7         
0000dd9a  __mspabi_slli_6         
0000dd9c  __mspabi_slli_5         
0000dd9e  __mspabi_slli_4         
0000dda0  __mspabi_slli_3         
0000dda2  __mspabi_slli_2         
0000dda4  __mspabi_slli_1         
0000ddd2  nwk_checkConnInfo       
0000de24  nwk_getAPAddress        
0000de4c  nwk_processPing         
0000de9a  nwk_connectionControl   
0000dec0  nwk_globalsInit         
0000dee6  nwk_joinInit            
0000df0c  nwk_processLink         
0000df32  __mspabi_mpyl           
0000df32  __mspabi_mpyl_sw        
0000df58  MRFI_Sleep              
0000df7c  MRFI_EnableRxAddrFilter 
0000df9e  MRFI_RxOn               
0000dfc0  memcmp                  
0000dfe2  BSP_Init                
0000e002  BSP_InitBoard           
0000e022  MRFI_RxCompleteISR      
0000e042  MRFI_RxIdle             
0000e062  memmove                 
0000e082  nwk_frameInit           
0000e0a2  nwk_processJoin         
0000e0c2  BSP_Delay               
0000e0e0  mrfiSpiReadReg          
0000e0fe  nwk_QInit               
0000e11c  nwk_setChannel          
0000e138  nwk_setMyAddress        
0000e154  BSP_GpioPort1Isr        
0000e16e  _c_int00_noargs_noexit  
0000e188  mrfiSpiWriteReg         
0000e1a2  BSP_InitLeds            
0000e1b8  MRFI_GpioIsr            
0000e1ce  MRFI_RandomByte         
0000e1e4  nwk_freqInit            
0000e1fa  __mspabi_divu           
0000e1fa  __mspabi_remu           
0000e210  toggleLED               
0000e226  __TI_zero_init          
0000e24e  memset                  
0000e262  __mspabi_mpyi           
0000e262  __mspabi_mpyi_sw        
0000e29a  __TI_decompress_none    
0000e2ac  memcpy                  
0000e2be  nwk_getJoinToken        
0000e2d0  nwk_getLinkToken        
0000e2e2  nwk_getMyAddress        
0000e2f4  nwk_setJoinToken        
0000e306  nwk_setLinkToken        
0000e318  init_lm35               
0000e328  __mspabi_sral           
0000e338  __mspabi_func_epilog_7  
0000e33a  __mspabi_func_epilog_6  
0000e33c  __mspabi_func_epilog_5  
0000e33e  __mspabi_func_epilog_4  
0000e340  __mspabi_func_epilog_3  
0000e342  __mspabi_func_epilog_2  
0000e344  __mspabi_func_epilog_1  
0000e348  MRFI_Receive            
0000e356  mrfiSpiWriteTxFifo      
0000e364  nwk_getNumObjectFromMsg 
0000e372  nwk_setAPAddress        
0000e380  MRFI_PostKillSem        
0000e398  mrfiSpiReadRxFifo       
0000e3a4  BSP_InitButtons         
0000e3ae  BSP_InitDrivers         
0000e3b8  _system_pre_init        
0000e3c2  nwk_mgmtInit            
0000e3cc  nwk_pingInit            
0000e3d6  ADC10_ISR               
0000e3de  SMPL_Send               
0000e3e6  __TI_ISR_TRAP           
0000e3ee  nwk_getChannel          
0000e3f6  MRFI_GetRadioState      
0000e3fc  C$$EXIT                 
0000e3fc  abort                   
0000e402  nwk_freeConnection      
0000e408  nwk_getBCastAddress     
0000e40e  nwk_getFWVersion        
0000e414  nwk_getMyRxType         
0000e41a  nwk_getProtocolVersion  
0000e420  nwk_NVObj               
0000e424  nwk_processSecurity     
0000e42c  _system_post_cinit      
0000e42e  nwk_securityInit        
0000e480  mrfiBroadcastAddr       
0000e488  linkListenAddr          
0000e48c  linkToAddr              
0000e4a4  __TI_Handler_Table_Base 
0000e4aa  __TI_Handler_Table_Limit
0000e4ae  __TI_CINIT_Base         
0000e4b6  __TI_CINIT_Limit        
0000ffe0  __TI_int00              
0000ffe4  __TI_int02              
0000ffe6  __TI_int03              
0000ffea  __TI_int05              
0000ffec  __TI_int06              
0000ffee  __TI_int07              
0000fff0  __TI_int08              
0000fff2  __TI_int09              
0000fff4  __TI_int10              
0000fff6  __TI_int11              
0000fff8  __TI_int12              
0000fffa  __TI_int13              
0000fffc  __TI_int14              
0000fffe  _reset_vector           
ffffffff  __TI_pprof_out_hndl     
ffffffff  __TI_prof_data_size     
ffffffff  __TI_prof_data_start    
ffffffff  __c_args__              
UNDEFED   __TI_BINIT_Base         
UNDEFED   __TI_BINIT_Limit        
UNDEFED   __TI_INITARRAY_Base     
UNDEFED   __TI_INITARRAY_Limit    

[295 symbols]
